/home/timplex/dataset/cosaliency/iCoseg/groundtruth/1/2420785267_1a6e66cf19.png 0
/home/timplex/dataset/cosaliency/iCoseg/groundtruth/1/2421592588_7cefee798b.png 0
/home/timplex/dataset/cosaliency/iCoseg/groundtruth/1/2420792267_1d7a6192f5.png 0
/home/timplex/dataset/cosaliency/iCoseg/groundtruth/1/2421601012_fbc057cf33.png 0
/home/timplex/dataset/cosaliency/iCoseg/groundtruth/1/2420788569_c2ba7972e4.png 0
/home/timplex/dataset/cosaliency/iCoseg/groundtruth/1/2421607518_b797895d0d.png 0
/home/timplex/dataset/cosaliency/iCoseg/groundtruth/1/2421611686_6d85c46bae.png 0
/home/timplex/dataset/cosaliency/iCoseg/groundtruth/1/2421604554_33a7cf4cc6.png 0
/home/timplex/dataset/cosaliency/iCoseg/groundtruth/1/2420796627_3332cdac74.png 0
/home/timplex/dataset/cosaliency/iCoseg/groundtruth/1/2421591400_3871af9e3d.png 0
/home/timplex/dataset/cosaliency/iCoseg/groundtruth/1/2420786269_8a5a6f03f6.png 0
/home/timplex/dataset/cosaliency/iCoseg/groundtruth/1/2420789753_7db2fa1d64.png 0
/home/timplex/dataset/cosaliency/iCoseg/groundtruth/1/2420776721_9e95de14e0.png 0
/home/timplex/dataset/cosaliency/iCoseg/groundtruth/1/2421589076_12222a1495.png 0
/home/timplex/dataset/cosaliency/iCoseg/groundtruth/1/2421609012_d77d38583c.png 0
/home/timplex/dataset/cosaliency/iCoseg/groundtruth/1/2420773999_a25ee0006f.png 0
/home/timplex/dataset/cosaliency/iCoseg/groundtruth/1/2420799453_40ec821103.png 0
/home/timplex/dataset/cosaliency/iCoseg/groundtruth/1/2421616008_4ba6d4342f.png 0
/home/timplex/dataset/cosaliency/iCoseg/groundtruth/1/2420801061_75abdce6f2.png 0
/home/timplex/dataset/cosaliency/iCoseg/groundtruth/2/1439736411_0f2cb2b08d.png 0
/home/timplex/dataset/cosaliency/iCoseg/groundtruth/2/1403927807_4d4b682975.png 0
/home/timplex/dataset/cosaliency/iCoseg/groundtruth/2/1439651163_8718ff105a.png 0
/home/timplex/dataset/cosaliency/iCoseg/groundtruth/2/1403910027_ad1b2c2969.png 0
/home/timplex/dataset/cosaliency/iCoseg/groundtruth/2/1404822196_c42bf5c261.png 0
/home/timplex/dataset/cosaliency/iCoseg/groundtruth/2/1407826765_4dac48633e.png 0
/home/timplex/dataset/cosaliency/iCoseg/groundtruth/2/1438937169_ef6699fcfd.png 0
/home/timplex/dataset/cosaliency/iCoseg/groundtruth/2/1439632911_c1fcb1dadb.png 0
/home/timplex/dataset/cosaliency/iCoseg/groundtruth/2/1439699713_495765b813.png 0
/home/timplex/dataset/cosaliency/iCoseg/groundtruth/2/1403964539_08e241e595.png 0
/home/timplex/dataset/cosaliency/iCoseg/groundtruth/2/1439713005_75ef9439c8.png 0
/home/timplex/dataset/cosaliency/iCoseg/groundtruth/2/1404788190_536ccd62b2.png 0
/home/timplex/dataset/cosaliency/iCoseg/groundtruth/2/1408711742_3408da6055.png 0
/home/timplex/dataset/cosaliency/iCoseg/groundtruth/2/1439715880_2fe8fe94ae.png 0
/home/timplex/dataset/cosaliency/iCoseg/groundtruth/2/1439724706_56053eace5.png 0
/home/timplex/dataset/cosaliency/iCoseg/groundtruth/2/1404827026_c17d926f18.png 0
/home/timplex/dataset/cosaliency/iCoseg/groundtruth/2/1438941411_16af273897.png 0
/home/timplex/dataset/cosaliency/iCoseg/groundtruth/2/1408713822_005f95a396.png 0
/home/timplex/dataset/cosaliency/iCoseg/groundtruth/2/1408715154_e9ace272f0.png 0
/home/timplex/dataset/cosaliency/iCoseg/groundtruth/2/1439743513_809b64d090.png 0
/home/timplex/dataset/cosaliency/iCoseg/groundtruth/2/1403901471_d5e034b46b.png 0
/home/timplex/dataset/cosaliency/iCoseg/groundtruth/2/1403913961_872fce384d.png 0
/home/timplex/dataset/cosaliency/iCoseg/groundtruth/2/1439726821_53b50da683.png 0
/home/timplex/dataset/cosaliency/iCoseg/groundtruth/2/1403954003_fe1d37a759.png 0
/home/timplex/dataset/cosaliency/iCoseg/groundtruth/2/1439746572_52dc3282ef.png 0
/home/timplex/dataset/cosaliency/iCoseg/groundtruth/3/1243413608_e3075d56cf.png 0
/home/timplex/dataset/cosaliency/iCoseg/groundtruth/3/1242573427_86ccc3fa85.png 0
/home/timplex/dataset/cosaliency/iCoseg/groundtruth/3/1242545743_996e9b5d10.png 0
/home/timplex/dataset/cosaliency/iCoseg/groundtruth/3/1242542917_dc1ca04a06.png 0
/home/timplex/dataset/cosaliency/iCoseg/groundtruth/3/1242594495_3f2ee2a026.png 0
/home/timplex/dataset/cosaliency/iCoseg/groundtruth/4/2253689052_50421ec53b.png 0
/home/timplex/dataset/cosaliency/iCoseg/groundtruth/4/2252890133_ff2d29a9e9.png 0
/home/timplex/dataset/cosaliency/iCoseg/groundtruth/4/2252890875_73919811cd.png 0
/home/timplex/dataset/cosaliency/iCoseg/groundtruth/4/2252890657_eacb8e2399.png 0
/home/timplex/dataset/cosaliency/iCoseg/groundtruth/4/2252889739_6f2ae62c8e.png 0
/home/timplex/dataset/cosaliency/iCoseg/groundtruth/4/2252889619_1e4735f7eb.png 0
/home/timplex/dataset/cosaliency/iCoseg/groundtruth/4/2252890519_e94c7eca2e.png 0
/home/timplex/dataset/cosaliency/iCoseg/groundtruth/4/2253689668_8142a84c7e.png 0
/home/timplex/dataset/cosaliency/iCoseg/groundtruth/4/2252890707_28dfb35460.png 0
/home/timplex/dataset/cosaliency/iCoseg/groundtruth/4/2252889275_f32652384e.png 0
/home/timplex/dataset/cosaliency/iCoseg/groundtruth/4/2252890433_3a1a999df6.png 0
/home/timplex/dataset/cosaliency/iCoseg/groundtruth/4/2252890367_0b7715a010.png 0
/home/timplex/dataset/cosaliency/iCoseg/groundtruth/4/2252889465_d5dd7329e7.png 0
/home/timplex/dataset/cosaliency/iCoseg/groundtruth/4/2253688982_2a797b1faa.png 0
/home/timplex/dataset/cosaliency/iCoseg/groundtruth/4/2253688556_383162669a.png 0
/home/timplex/dataset/cosaliency/iCoseg/groundtruth/4/2253688318_774dc1de6d.png 0
/home/timplex/dataset/cosaliency/iCoseg/groundtruth/4/2253689526_20481ec627.png 0
/home/timplex/dataset/cosaliency/iCoseg/groundtruth/4/2253688752_7001eedeb2.png 0
/home/timplex/dataset/cosaliency/iCoseg/groundtruth/5/1180656745_7924014456.png 0
/home/timplex/dataset/cosaliency/iCoseg/groundtruth/5/413682437_900f153e55.png 0
/home/timplex/dataset/cosaliency/iCoseg/groundtruth/5/1180641317_36206d0ba7.png 0
/home/timplex/dataset/cosaliency/iCoseg/groundtruth/5/2400034557_8b049f723e.png 0
/home/timplex/dataset/cosaliency/iCoseg/groundtruth/5/2279824890_ae67849e1d.png 0
/home/timplex/dataset/cosaliency/iCoseg/groundtruth/5/1181541508_520bac7629.png 0
/home/timplex/dataset/cosaliency/iCoseg/groundtruth/5/1181534476_d542f1dbcc.png 0
/home/timplex/dataset/cosaliency/iCoseg/groundtruth/5/2400032729_6aa1a2c9a6.png 0
/home/timplex/dataset/cosaliency/iCoseg/groundtruth/5/1180643579_39f95bdf69.png 0
/home/timplex/dataset/cosaliency/iCoseg/groundtruth/5/2400050711_488068c041.png 0
/home/timplex/dataset/cosaliency/iCoseg/groundtruth/5/2400029287_c8e9b6cf47.png 0
/home/timplex/dataset/cosaliency/iCoseg/groundtruth/5/413693442_d8cea36f77.png 0
/home/timplex/dataset/cosaliency/iCoseg/groundtruth/5/2400835220_0911e562a4.png 0
/home/timplex/dataset/cosaliency/iCoseg/groundtruth/5/1181509254_83b4637c24.png 0
/home/timplex/dataset/cosaliency/iCoseg/groundtruth/5/413703269_f14da5812f.png 0
/home/timplex/dataset/cosaliency/iCoseg/groundtruth/5/413682453_899331eb9e.png 0
/home/timplex/dataset/cosaliency/iCoseg/groundtruth/5/2400031115_389b150fd2.png 0
/home/timplex/dataset/cosaliency/iCoseg/groundtruth/5/2400052393_19bf785a47.png 0
/home/timplex/dataset/cosaliency/iCoseg/groundtruth/5/2400833834_51bb3e6cc2.png 0
/home/timplex/dataset/cosaliency/iCoseg/groundtruth/5/2279825362_19be57d6bb.png 0
/home/timplex/dataset/cosaliency/iCoseg/groundtruth/5/413703262_61e3287314.png 0
/home/timplex/dataset/cosaliency/iCoseg/groundtruth/5/2400042521_63e56b49a8.png 0
/home/timplex/dataset/cosaliency/iCoseg/groundtruth/5/413703293_fd24c81f2d.png 0
/home/timplex/dataset/cosaliency/iCoseg/groundtruth/5/1180692671_2d1645e714.png 0
/home/timplex/dataset/cosaliency/iCoseg/groundtruth/5/1180684403_9df4e8e482.png 0
/home/timplex/dataset/cosaliency/iCoseg/groundtruth/5/2279822388_5fd4f69026.png 0
/home/timplex/dataset/cosaliency/iCoseg/groundtruth/5/413682460_b4a31f0383.png 0
/home/timplex/dataset/cosaliency/iCoseg/groundtruth/5/413693410_22d2b015e8.png 0
/home/timplex/dataset/cosaliency/iCoseg/groundtruth/5/2400038469_99605a4b74.png 0
/home/timplex/dataset/cosaliency/iCoseg/groundtruth/5/413693416_d29bc6d884.png 0
/home/timplex/dataset/cosaliency/iCoseg/groundtruth/5/413703251_865ab340b9.png 0
/home/timplex/dataset/cosaliency/iCoseg/groundtruth/5/1181536832_c7ca6f8ae0.png 0
/home/timplex/dataset/cosaliency/iCoseg/groundtruth/5/2400046081_ce11261950.png 0
/home/timplex/dataset/cosaliency/iCoseg/groundtruth/6/2562270733_311a793521.png 0
/home/timplex/dataset/cosaliency/iCoseg/groundtruth/6/2562290979_7dd29724a8.png 0
/home/timplex/dataset/cosaliency/iCoseg/groundtruth/6/2563204314_343312f9ab.png 0
/home/timplex/dataset/cosaliency/iCoseg/groundtruth/6/2564558428_e4ba7457b0.png 0
/home/timplex/dataset/cosaliency/iCoseg/groundtruth/6/2564557724_5996f8b8bd.png 0
/home/timplex/dataset/cosaliency/iCoseg/groundtruth/6/2563206612_99c4873da2.png 0
/home/timplex/dataset/cosaliency/iCoseg/groundtruth/6/2563043026_1d69e3a022.png 0
/home/timplex/dataset/cosaliency/iCoseg/groundtruth/6/2563042264_002fb4a4d7.png 0
/home/timplex/dataset/cosaliency/iCoseg/groundtruth/6/2564559002_a0986d4a89.png 0
/home/timplex/dataset/cosaliency/iCoseg/groundtruth/6/2809646354_8d76c4877f.png 0
/home/timplex/dataset/cosaliency/iCoseg/groundtruth/6/2793636952_a0298d8a88.png 0
/home/timplex/dataset/cosaliency/iCoseg/groundtruth/7/327174906_f6803940b7.png 0
/home/timplex/dataset/cosaliency/iCoseg/groundtruth/7/327174909_15116bafcd.png 0
/home/timplex/dataset/cosaliency/iCoseg/groundtruth/7/327174912_f322e7cf28.png 0
/home/timplex/dataset/cosaliency/iCoseg/groundtruth/7/327174903_5caf2a0187.png 0
/home/timplex/dataset/cosaliency/iCoseg/groundtruth/7/327174914_38c0266233.png 0
/home/timplex/dataset/cosaliency/iCoseg/groundtruth/8/442103094_b160d16d19.png 0
/home/timplex/dataset/cosaliency/iCoseg/groundtruth/8/442102966_f5e76ea887.png 0
/home/timplex/dataset/cosaliency/iCoseg/groundtruth/8/414841074_42891c2e75.png 0
/home/timplex/dataset/cosaliency/iCoseg/groundtruth/8/442104314_b6f836888b.png 0
/home/timplex/dataset/cosaliency/iCoseg/groundtruth/8/442105753_f45e375afc.png 0
/home/timplex/dataset/cosaliency/iCoseg/groundtruth/9/464484999_35bfaac0f9.png 0
/home/timplex/dataset/cosaliency/iCoseg/groundtruth/9/464482590_96af27c40f.png 0
/home/timplex/dataset/cosaliency/iCoseg/groundtruth/9/464490441_0e7aee138c.png 0
/home/timplex/dataset/cosaliency/iCoseg/groundtruth/9/464477984_6060f9f54d.png 0
/home/timplex/dataset/cosaliency/iCoseg/groundtruth/9/464479912_08afe590fd.png 0
/home/timplex/dataset/cosaliency/iCoseg/groundtruth/9/464494709_289d61d598.png 0
/home/timplex/dataset/cosaliency/iCoseg/groundtruth/9/464487296_0d65729110.png 0
/home/timplex/dataset/cosaliency/iCoseg/groundtruth/9/464487279_62064e3488.png 0
/home/timplex/dataset/cosaliency/iCoseg/groundtruth/9/464478058_28418c5e2c.png 0
/home/timplex/dataset/cosaliency/iCoseg/groundtruth/9/464479752_02a10998aa.png 0
/home/timplex/dataset/cosaliency/iCoseg/groundtruth/10/2910848588_f2f8232d8c.png 0
/home/timplex/dataset/cosaliency/iCoseg/groundtruth/10/2910013003_b3de24b84b.png 0
/home/timplex/dataset/cosaliency/iCoseg/groundtruth/10/2911285144_61d56d6c96.png 0
/home/timplex/dataset/cosaliency/iCoseg/groundtruth/10/2909997139_6a56ef0e1d.png 0
/home/timplex/dataset/cosaliency/iCoseg/groundtruth/10/2910000275_68d265eedf.png 0
/home/timplex/dataset/cosaliency/iCoseg/groundtruth/10/2910010461_13a731a3d0.png 0
/home/timplex/dataset/cosaliency/iCoseg/groundtruth/10/2911242168_537d2aa161.png 0
/home/timplex/dataset/cosaliency/iCoseg/groundtruth/10/2909969005_2a0d4538d6.png 0
/home/timplex/dataset/cosaliency/iCoseg/groundtruth/10/2910851638_e009b719b6.png 0
/home/timplex/dataset/cosaliency/iCoseg/groundtruth/10/2909971953_35f859ca72.png 0
/home/timplex/dataset/cosaliency/iCoseg/groundtruth/10/2911252450_2d23f5ee42.png 0
/home/timplex/dataset/cosaliency/iCoseg/groundtruth/10/2910404125_aaaa685e3c.png 0
/home/timplex/dataset/cosaliency/iCoseg/groundtruth/10/2910441685_5eb282f4c5.png 0
/home/timplex/dataset/cosaliency/iCoseg/groundtruth/10/2910838954_3cf1fb2d8c.png 0
/home/timplex/dataset/cosaliency/iCoseg/groundtruth/10/2910434125_39dd49011f.png 0
/home/timplex/dataset/cosaliency/iCoseg/groundtruth/11/2484641277_e8395cf9b6.png 0
/home/timplex/dataset/cosaliency/iCoseg/groundtruth/11/2485523226_479a743a7e.png 0
/home/timplex/dataset/cosaliency/iCoseg/groundtruth/11/2484693697_bd7cb84a18.png 0
/home/timplex/dataset/cosaliency/iCoseg/groundtruth/11/2484686385_f909bff559.png 0
/home/timplex/dataset/cosaliency/iCoseg/groundtruth/11/2484709095_23cf380388.png 0
/home/timplex/dataset/cosaliency/iCoseg/groundtruth/11/2485486532_0162803104.png 0
/home/timplex/dataset/cosaliency/iCoseg/groundtruth/11/2484642403_fac570cf5b.png 0
/home/timplex/dataset/cosaliency/iCoseg/groundtruth/11/2484671539_494f4ea5cd.png 0
/home/timplex/dataset/cosaliency/iCoseg/groundtruth/11/2484609229_4243433757.png 0
/home/timplex/dataset/cosaliency/iCoseg/groundtruth/11/2484689097_0cfc9f7ba4.png 0
/home/timplex/dataset/cosaliency/iCoseg/groundtruth/11/2485508178_9e3799a3a5.png 0
/home/timplex/dataset/cosaliency/iCoseg/groundtruth/11/2484694797_028a91404f.png 0
/home/timplex/dataset/cosaliency/iCoseg/groundtruth/11/2484707799_0c8f1f272d.png 0
/home/timplex/dataset/cosaliency/iCoseg/groundtruth/11/2485501568_67ebe5b8b2.png 0
/home/timplex/dataset/cosaliency/iCoseg/groundtruth/11/2485476614_7bea376298.png 0
/home/timplex/dataset/cosaliency/iCoseg/groundtruth/11/2484667595_d6ca66716f.png 0
/home/timplex/dataset/cosaliency/iCoseg/groundtruth/11/2484653707_2b5b8b4c2a.png 0
/home/timplex/dataset/cosaliency/iCoseg/groundtruth/11/2485504146_b02f61fb73.png 0
/home/timplex/dataset/cosaliency/iCoseg/groundtruth/11/2484662911_396e1b82e9.png 0
/home/timplex/dataset/cosaliency/iCoseg/groundtruth/11/2485485290_39c0991333.png 0
/home/timplex/dataset/cosaliency/iCoseg/groundtruth/11/2484640161_f739ff5701.png 0
/home/timplex/dataset/cosaliency/iCoseg/groundtruth/11/2485471984_e81ed22f93.png 0
/home/timplex/dataset/cosaliency/iCoseg/groundtruth/11/2484661449_15e686c251.png 0
/home/timplex/dataset/cosaliency/iCoseg/groundtruth/11/2485509324_bb9937760e.png 0
/home/timplex/dataset/cosaliency/iCoseg/groundtruth/11/2484638711_bf68566a19.png 0
/home/timplex/dataset/cosaliency/iCoseg/groundtruth/11/2484666121_166a90b04d.png 0
/home/timplex/dataset/cosaliency/iCoseg/groundtruth/11/2485460852_1b228079fd.png 0
/home/timplex/dataset/cosaliency/iCoseg/groundtruth/11/2484690387_bd4707e083.png 0
/home/timplex/dataset/cosaliency/iCoseg/groundtruth/11/2484657253_5e70988077.png 0
/home/timplex/dataset/cosaliency/iCoseg/groundtruth/11/2484652379_41f3cd42d1.png 0
/home/timplex/dataset/cosaliency/iCoseg/groundtruth/11/2485480870_87cffeae53.png 0
/home/timplex/dataset/cosaliency/iCoseg/groundtruth/12/2560592697_8beaf46b69.png 0
/home/timplex/dataset/cosaliency/iCoseg/groundtruth/12/2561478532_62d042d82d.png 0
/home/timplex/dataset/cosaliency/iCoseg/groundtruth/12/2560657697_6c67205f35.png 0
/home/timplex/dataset/cosaliency/iCoseg/groundtruth/12/2563080982_3ec4dfb2f6.png 0
/home/timplex/dataset/cosaliency/iCoseg/groundtruth/12/2561478778_7ba7a0a4e3.png 0
/home/timplex/dataset/cosaliency/iCoseg/groundtruth/12/2560619607_f32f36b458.png 0
/home/timplex/dataset/cosaliency/iCoseg/groundtruth/12/2561416306_57bbcccb05.png 0
/home/timplex/dataset/cosaliency/iCoseg/groundtruth/12/2562254187_ecc7661387.png 0
/home/timplex/dataset/cosaliency/iCoseg/groundtruth/12/2561415772_c711b23ffb.png 0
/home/timplex/dataset/cosaliency/iCoseg/groundtruth/12/2560592999_8214c97b66.png 0
/home/timplex/dataset/cosaliency/iCoseg/groundtruth/12/2562255753_b7d60fac69.png 0
/home/timplex/dataset/cosaliency/iCoseg/groundtruth/12/2562253775_b11af6bda0.png 0
/home/timplex/dataset/cosaliency/iCoseg/groundtruth/12/2562253449_3157b7dd0b.png 0
/home/timplex/dataset/cosaliency/iCoseg/groundtruth/12/2561440486_18fa927905.png 0
/home/timplex/dataset/cosaliency/iCoseg/groundtruth/12/2560593919_105d09ccb0.png 0
/home/timplex/dataset/cosaliency/iCoseg/groundtruth/12/2561530366_1e41d67096.png 0
/home/timplex/dataset/cosaliency/iCoseg/groundtruth/12/2560707291_58d6a091af.png 0
/home/timplex/dataset/cosaliency/iCoseg/groundtruth/12/2560619125_6bf968a33d.png 0
/home/timplex/dataset/cosaliency/iCoseg/groundtruth/12/2563080696_1179a47444.png 0
/home/timplex/dataset/cosaliency/iCoseg/groundtruth/12/2561440826_c32771d1e5.png 0
/home/timplex/dataset/cosaliency/iCoseg/groundtruth/12/2562256047_e3c1279149.png 0
/home/timplex/dataset/cosaliency/iCoseg/groundtruth/12/2561441288_9c5ccedc38.png 0
/home/timplex/dataset/cosaliency/iCoseg/groundtruth/12/2560657359_e97237d6aa.png 0
/home/timplex/dataset/cosaliency/iCoseg/groundtruth/12/2561415490_c9626f9bf2.png 0
/home/timplex/dataset/cosaliency/iCoseg/groundtruth/12/2563079978_d73992e495.png 0
/home/timplex/dataset/cosaliency/iCoseg/groundtruth/13/2804559034_fbf9405163.png 0
/home/timplex/dataset/cosaliency/iCoseg/groundtruth/13/2803678819_3dbdf7cbb7.png 0
/home/timplex/dataset/cosaliency/iCoseg/groundtruth/13/2804568056_eff2a991c9.png 0
/home/timplex/dataset/cosaliency/iCoseg/groundtruth/13/2803695783_1e4c0d377c.png 0
/home/timplex/dataset/cosaliency/iCoseg/groundtruth/13/2803733769_6f02b4008d.png 0
/home/timplex/dataset/cosaliency/iCoseg/groundtruth/13/2803707385_ab4588bce3.png 0
/home/timplex/dataset/cosaliency/iCoseg/groundtruth/13/2803717477_7d306322cc.png 0
/home/timplex/dataset/cosaliency/iCoseg/groundtruth/13/2803684985_6b99d70261.png 0
/home/timplex/dataset/cosaliency/iCoseg/groundtruth/13/2803724905_5b56167835.png 0
/home/timplex/dataset/cosaliency/iCoseg/groundtruth/13/2803729145_b6c5088b40.png 0
/home/timplex/dataset/cosaliency/iCoseg/groundtruth/13/2804536438_50847dac96.png 0
/home/timplex/dataset/cosaliency/iCoseg/groundtruth/13/2804547334_26b32639b8.png 0
/home/timplex/dataset/cosaliency/iCoseg/groundtruth/14/2804722178_c7dc633eb2.png 0
/home/timplex/dataset/cosaliency/iCoseg/groundtruth/14/2805868083_390fcb7d0a.png 0
/home/timplex/dataset/cosaliency/iCoseg/groundtruth/14/2804702776_05c23ff5bf.png 0
/home/timplex/dataset/cosaliency/iCoseg/groundtruth/14/2804661662_d9fbb323f9.png 0
/home/timplex/dataset/cosaliency/iCoseg/groundtruth/14/2806808284_a2d421ac60.png 0
/home/timplex/dataset/cosaliency/iCoseg/groundtruth/14/2805938889_c07192f63f.png 0
/home/timplex/dataset/cosaliency/iCoseg/groundtruth/14/2806751936_fcd5ae416e.png 0
/home/timplex/dataset/cosaliency/iCoseg/groundtruth/14/2806847854_4d0cdcee6b.png 0
/home/timplex/dataset/cosaliency/iCoseg/groundtruth/14/2806758250_edb11d156c.png 0
/home/timplex/dataset/cosaliency/iCoseg/groundtruth/14/2806736322_6b4bdfafea.png 0
/home/timplex/dataset/cosaliency/iCoseg/groundtruth/14/2803871935_1d11cbef12.png 0
/home/timplex/dataset/cosaliency/iCoseg/groundtruth/14/2803811473_1ba769690b.png 0
/home/timplex/dataset/cosaliency/iCoseg/groundtruth/14/2804626782_b3f8f49a66.png 0
/home/timplex/dataset/cosaliency/iCoseg/groundtruth/14/2809059340_f5c5236bb2.png 0
/home/timplex/dataset/cosaliency/iCoseg/groundtruth/14/2805964105_64678c0561.png 0
/home/timplex/dataset/cosaliency/iCoseg/groundtruth/14/2806851800_69b0a68024.png 0
/home/timplex/dataset/cosaliency/iCoseg/groundtruth/14/2805921839_ba138a9231.png 0
/home/timplex/dataset/cosaliency/iCoseg/groundtruth/14/2805974355_a9259e6d6c.png 0
/home/timplex/dataset/cosaliency/iCoseg/groundtruth/14/2804715688_a9578f8a64.png 0
/home/timplex/dataset/cosaliency/iCoseg/groundtruth/14/2806827678_7c649e51f9.png 0
/home/timplex/dataset/cosaliency/iCoseg/groundtruth/14/2804724996_a68d17e5a1.png 0
/home/timplex/dataset/cosaliency/iCoseg/groundtruth/14/2803787055_2d6f0630a4.png 0
/home/timplex/dataset/cosaliency/iCoseg/groundtruth/14/2806730584_974ac8eb3e.png 0
/home/timplex/dataset/cosaliency/iCoseg/groundtruth/14/2803752833_966690febc.png 0
/home/timplex/dataset/cosaliency/iCoseg/groundtruth/14/2806864316_280cfed19d.png 0
/home/timplex/dataset/cosaliency/iCoseg/groundtruth/14/2804696424_52a4a4696d.png 0
/home/timplex/dataset/cosaliency/iCoseg/groundtruth/14/2804727312_ce993e8e2a.png 0
/home/timplex/dataset/cosaliency/iCoseg/groundtruth/14/2804686434_d41f450d35.png 0
/home/timplex/dataset/cosaliency/iCoseg/groundtruth/14/2805956765_61c5b403a0.png 0
/home/timplex/dataset/cosaliency/iCoseg/groundtruth/14/2806010711_8b2917ce52.png 0
/home/timplex/dataset/cosaliency/iCoseg/groundtruth/14/2805892391_e3470e9f00.png 0
/home/timplex/dataset/cosaliency/iCoseg/groundtruth/14/2806780884_333e3043ee.png 0
/home/timplex/dataset/cosaliency/iCoseg/groundtruth/14/2808213027_528dce87f7.png 0
/home/timplex/dataset/cosaliency/iCoseg/groundtruth/14/2805945719_a77fcbd727.png 0
/home/timplex/dataset/cosaliency/iCoseg/groundtruth/14/2805951135_e26406f55b.png 0
/home/timplex/dataset/cosaliency/iCoseg/groundtruth/14/2805969155_6218141f0d.png 0
/home/timplex/dataset/cosaliency/iCoseg/groundtruth/14/2804639140_5ecc0619d4.png 0
/home/timplex/dataset/cosaliency/iCoseg/groundtruth/14/2806745138_b60ea1bf70.png 0
/home/timplex/dataset/cosaliency/iCoseg/groundtruth/14/2804705252_3e963ffee6.png 0
/home/timplex/dataset/cosaliency/iCoseg/groundtruth/15/2625771564_b64808aba1.png 0
/home/timplex/dataset/cosaliency/iCoseg/groundtruth/15/2624956571_23f545f964.png 0
/home/timplex/dataset/cosaliency/iCoseg/groundtruth/15/2625780392_0c329fe9ce.png 0
/home/timplex/dataset/cosaliency/iCoseg/groundtruth/15/2625781866_77aba231cf.png 0
/home/timplex/dataset/cosaliency/iCoseg/groundtruth/15/2625770634_d0f9e0739e.png 0
/home/timplex/dataset/cosaliency/iCoseg/groundtruth/15/2625771026_5f84ba622a.png 0
/home/timplex/dataset/cosaliency/iCoseg/groundtruth/15/2625775818_1f14735a2c.png 0
/home/timplex/dataset/cosaliency/iCoseg/groundtruth/15/2625772578_f74df7c959.png 0
/home/timplex/dataset/cosaliency/iCoseg/groundtruth/15/2625786528_4bfdee82bc.png 0
/home/timplex/dataset/cosaliency/iCoseg/groundtruth/15/2625772698_4273344bcc.png 0
/home/timplex/dataset/cosaliency/iCoseg/groundtruth/15/2624955269_c0ab9ffc43.png 0
/home/timplex/dataset/cosaliency/iCoseg/groundtruth/15/2625774128_2166df2373.png 0
/home/timplex/dataset/cosaliency/iCoseg/groundtruth/15/2624969059_ff787f601d.png 0
/home/timplex/dataset/cosaliency/iCoseg/groundtruth/15/2624957751_ec57216139.png 0
/home/timplex/dataset/cosaliency/iCoseg/groundtruth/15/2625794038_26b3a6c3b8.png 0
/home/timplex/dataset/cosaliency/iCoseg/groundtruth/15/2625783758_46aeaaefea.png 0
/home/timplex/dataset/cosaliency/iCoseg/groundtruth/15/2625791304_c92e477e3f.png 0
/home/timplex/dataset/cosaliency/iCoseg/groundtruth/15/2625785184_4c7fd8cbbf.png 0
/home/timplex/dataset/cosaliency/iCoseg/groundtruth/15/2624972563_54fe648d7e.png 0
/home/timplex/dataset/cosaliency/iCoseg/groundtruth/15/2625787774_321c831c90.png 0
/home/timplex/dataset/cosaliency/iCoseg/groundtruth/15/2624962173_8b9e91bdd0.png 0
/home/timplex/dataset/cosaliency/iCoseg/groundtruth/15/2625775450_b7f0bc9edd.png 0
/home/timplex/dataset/cosaliency/iCoseg/groundtruth/16/325434350_ba16fcfca6.png 0
/home/timplex/dataset/cosaliency/iCoseg/groundtruth/16/2804086629_116709ace2.png 0
/home/timplex/dataset/cosaliency/iCoseg/groundtruth/16/2804927750_e9836f7907.png 0
/home/timplex/dataset/cosaliency/iCoseg/groundtruth/16/47723003_026e67be75.png 0
/home/timplex/dataset/cosaliency/iCoseg/groundtruth/16/2806416549_13c84b3125.png 0
/home/timplex/dataset/cosaliency/iCoseg/groundtruth/16/2804923378_251076eefb.png 0
/home/timplex/dataset/cosaliency/iCoseg/groundtruth/16/325472123_35d1a30e18.png 0
/home/timplex/dataset/cosaliency/iCoseg/groundtruth/16/47725874_3892b987eb.png 0
/home/timplex/dataset/cosaliency/iCoseg/groundtruth/16/2804942958_97bbc4a343.png 0
/home/timplex/dataset/cosaliency/iCoseg/groundtruth/16/2804072259_e7139de926.png 0
/home/timplex/dataset/cosaliency/iCoseg/groundtruth/16/2804179927_3981183c6a.png 0
/home/timplex/dataset/cosaliency/iCoseg/groundtruth/16/47723002_5cdbc61086.png 0
/home/timplex/dataset/cosaliency/iCoseg/groundtruth/16/2804074255_668027b252.png 0
/home/timplex/dataset/cosaliency/iCoseg/groundtruth/16/325470137_fde4bdfb66.png 0
/home/timplex/dataset/cosaliency/iCoseg/groundtruth/16/47732804_508aded835.png 0
/home/timplex/dataset/cosaliency/iCoseg/groundtruth/16/325474023_79017501f2.png 0
/home/timplex/dataset/cosaliency/iCoseg/groundtruth/16/325439399_7b1c9b54f4.png 0
/home/timplex/dataset/cosaliency/iCoseg/groundtruth/16/2804090217_ca25b8d54e.png 0
/home/timplex/dataset/cosaliency/iCoseg/groundtruth/16/2804929690_d739ae2f2b.png 0
/home/timplex/dataset/cosaliency/iCoseg/groundtruth/16/2804931680_f5f6161911.png 0
/home/timplex/dataset/cosaliency/iCoseg/groundtruth/16/2806420181_1205dfc1bc.png 0
/home/timplex/dataset/cosaliency/iCoseg/groundtruth/16/325440844_aa6fa9f072.png 0
/home/timplex/dataset/cosaliency/iCoseg/groundtruth/16/325432430_51890dab83.png 0
/home/timplex/dataset/cosaliency/iCoseg/groundtruth/16/47731649_d831a106f8.png 0
/home/timplex/dataset/cosaliency/iCoseg/groundtruth/16/325435924_f402cf6fd7.png 0
/home/timplex/dataset/cosaliency/iCoseg/groundtruth/16/47732805_7fd0a743ad.png 0
/home/timplex/dataset/cosaliency/iCoseg/groundtruth/16/47723000_e47d49c38d.png 0
/home/timplex/dataset/cosaliency/iCoseg/groundtruth/16/2806414765_b65bf8e0f3.png 0
/home/timplex/dataset/cosaliency/iCoseg/groundtruth/16/325476046_8ed3b23c1a.png 0
/home/timplex/dataset/cosaliency/iCoseg/groundtruth/16/2804939182_69166c1db7.png 0
/home/timplex/dataset/cosaliency/iCoseg/groundtruth/16/2804925686_a467e96e74.png 0
/home/timplex/dataset/cosaliency/iCoseg/groundtruth/16/47723001_d0a75ae542.png 0
/home/timplex/dataset/cosaliency/iCoseg/groundtruth/16/325437806_162dcca495.png 0
/home/timplex/dataset/cosaliency/iCoseg/groundtruth/17/421645727_101e2737fa.png 0
/home/timplex/dataset/cosaliency/iCoseg/groundtruth/17/422467312_650d8950fa.png 0
/home/timplex/dataset/cosaliency/iCoseg/groundtruth/17/421646365_9a7ef4b242.png 0
/home/timplex/dataset/cosaliency/iCoseg/groundtruth/17/422467945_e1c6b1d71e.png 0
/home/timplex/dataset/cosaliency/iCoseg/groundtruth/17/422466630_f8018ace82.png 0
/home/timplex/dataset/cosaliency/iCoseg/groundtruth/17/421645448_247e9abf51.png 0
/home/timplex/dataset/cosaliency/iCoseg/groundtruth/17/421645056_bbf8083eeb.png 0
/home/timplex/dataset/cosaliency/iCoseg/groundtruth/17/2795131411_d070587c36.png 0
/home/timplex/dataset/cosaliency/iCoseg/groundtruth/17/422466956_2986227555.png 0
/home/timplex/dataset/cosaliency/iCoseg/groundtruth/17/422512969_a3efce1127.png 0
/home/timplex/dataset/cosaliency/iCoseg/groundtruth/17/421676632_39b6e8a38e.png 0
/home/timplex/dataset/cosaliency/iCoseg/groundtruth/17/2795973940_0307a816d1.png 0
/home/timplex/dataset/cosaliency/iCoseg/groundtruth/17/2795126361_9611e04378.png 0
/home/timplex/dataset/cosaliency/iCoseg/groundtruth/17/422513395_ba265240c8.png 0
/home/timplex/dataset/cosaliency/iCoseg/groundtruth/17/422467618_86dad225d7.png 0
/home/timplex/dataset/cosaliency/iCoseg/groundtruth/17/421676934_a782913626.png 0
/home/timplex/dataset/cosaliency/iCoseg/groundtruth/17/421675722_645135451a.png 0
/home/timplex/dataset/cosaliency/iCoseg/groundtruth/17/422513661_61007452b7.png 0
/home/timplex/dataset/cosaliency/iCoseg/groundtruth/17/2795971502_60b3bf3180.png 0
/home/timplex/dataset/cosaliency/iCoseg/groundtruth/17/421646074_c12990e672.png 0
/home/timplex/dataset/cosaliency/iCoseg/groundtruth/17/2795974868_d8f12e65be.png 0
/home/timplex/dataset/cosaliency/iCoseg/groundtruth/18/2705033434_cf2a19a1b1.png 0
/home/timplex/dataset/cosaliency/iCoseg/groundtruth/18/2705060676_a6ec9307d2.png 0
/home/timplex/dataset/cosaliency/iCoseg/groundtruth/18/2704220545_351ea9bb0c.png 0
/home/timplex/dataset/cosaliency/iCoseg/groundtruth/18/2705049844_3a9109d66d.png 0
/home/timplex/dataset/cosaliency/iCoseg/groundtruth/18/2704204723_56bfc997ef.png 0
/home/timplex/dataset/cosaliency/iCoseg/groundtruth/18/2705031716_d7688b4cc0.png 0
/home/timplex/dataset/cosaliency/iCoseg/groundtruth/18/2705035460_e553c64125.png 0
/home/timplex/dataset/cosaliency/iCoseg/groundtruth/18/2704224349_ff7929840c.png 0
/home/timplex/dataset/cosaliency/iCoseg/groundtruth/18/2704218695_dc51b8bdcb.png 0
/home/timplex/dataset/cosaliency/iCoseg/groundtruth/18/2705026402_ac1644ca9f.png 0
/home/timplex/dataset/cosaliency/iCoseg/groundtruth/18/2705054062_f693f21ddc.png 0
/home/timplex/dataset/cosaliency/iCoseg/groundtruth/18/2705039532_1156684097.png 0
/home/timplex/dataset/cosaliency/iCoseg/groundtruth/18/2704228433_8d97cdc874.png 0
/home/timplex/dataset/cosaliency/iCoseg/groundtruth/18/2704222485_a5a716fc93.png 0
/home/timplex/dataset/cosaliency/iCoseg/groundtruth/18/2704232555_dfe5913430.png 0
/home/timplex/dataset/cosaliency/iCoseg/groundtruth/18/2705058088_d221b84617.png 0
/home/timplex/dataset/cosaliency/iCoseg/groundtruth/18/2705037492_420a5b1a37.png 0
/home/timplex/dataset/cosaliency/iCoseg/groundtruth/18/2705030008_2e531cd809.png 0
/home/timplex/dataset/cosaliency/iCoseg/groundtruth/19/2294509178_590cf403ed.png 0
/home/timplex/dataset/cosaliency/iCoseg/groundtruth/19/2293717037_980f17e717.png 0
/home/timplex/dataset/cosaliency/iCoseg/groundtruth/19/2293718275_58e9d0ef2e.png 0
/home/timplex/dataset/cosaliency/iCoseg/groundtruth/19/2293718827_9f855784f1.png 0
/home/timplex/dataset/cosaliency/iCoseg/groundtruth/19/2294509672_2bf24eccc8.png 0
/home/timplex/dataset/cosaliency/iCoseg/groundtruth/19/2294511008_6d22a19f7b.png 0
/home/timplex/dataset/cosaliency/iCoseg/groundtruth/19/2294508688_44c5408669.png 0
/home/timplex/dataset/cosaliency/iCoseg/groundtruth/19/2294505690_5029311951.png 0
/home/timplex/dataset/cosaliency/iCoseg/groundtruth/19/2293717671_b6f8ff30cd.png 0
/home/timplex/dataset/cosaliency/iCoseg/groundtruth/19/2293720985_e2449490ee.png 0
/home/timplex/dataset/cosaliency/iCoseg/groundtruth/20/2875520076_f7515d5701.png 0
/home/timplex/dataset/cosaliency/iCoseg/groundtruth/20/2872268019_b4e9538ced.png 0
/home/timplex/dataset/cosaliency/iCoseg/groundtruth/20/2883158480_2ae848426a.png 0
/home/timplex/dataset/cosaliency/iCoseg/groundtruth/20/2875520078_67d4079cf2.png 0
/home/timplex/dataset/cosaliency/iCoseg/groundtruth/20/2872268001_5cca1e48f4.png 0
/home/timplex/dataset/cosaliency/iCoseg/groundtruth/20/2883158492_7a72f34177.png 0
/home/timplex/dataset/cosaliency/iCoseg/groundtruth/20/2879201107_b3e5f3d605.png 0
/home/timplex/dataset/cosaliency/iCoseg/groundtruth/21/2548175642_63897a6e6c.png 0
/home/timplex/dataset/cosaliency/iCoseg/groundtruth/21/2548175690_aba3717f73.png 0
/home/timplex/dataset/cosaliency/iCoseg/groundtruth/21/2548175832_df65b62f18.png 0
/home/timplex/dataset/cosaliency/iCoseg/groundtruth/21/2547352637_ae6b3d72c7.png 0
/home/timplex/dataset/cosaliency/iCoseg/groundtruth/21/2548176708_e551431623.png 0
/home/timplex/dataset/cosaliency/iCoseg/groundtruth/21/2547352597_5eff5ebb23.png 0
/home/timplex/dataset/cosaliency/iCoseg/groundtruth/21/2547351549_4f28f57ca0.png 0
/home/timplex/dataset/cosaliency/iCoseg/groundtruth/21/2548175748_ab18b994fd.png 0
/home/timplex/dataset/cosaliency/iCoseg/groundtruth/21/2548175858_ee66317b1c.png 0
/home/timplex/dataset/cosaliency/iCoseg/groundtruth/21/2547351797_bbd362b341.png 0
/home/timplex/dataset/cosaliency/iCoseg/groundtruth/21/2548176918_676a7831bf.png 0
/home/timplex/dataset/cosaliency/iCoseg/groundtruth/22/223521318_cb4b9b2a8c.png 0
/home/timplex/dataset/cosaliency/iCoseg/groundtruth/22/224265550_a9f5706373.png 0
/home/timplex/dataset/cosaliency/iCoseg/groundtruth/22/223514907_6823eb3327.png 0
/home/timplex/dataset/cosaliency/iCoseg/groundtruth/22/224265770_15fa35a01c.png 0
/home/timplex/dataset/cosaliency/iCoseg/groundtruth/22/223521131_0aebe44fbc.png 0
/home/timplex/dataset/cosaliency/iCoseg/groundtruth/22/223521523_e9e55eef69.png 0
/home/timplex/dataset/cosaliency/iCoseg/groundtruth/23/223519917_d23c3f2c89.png 0
/home/timplex/dataset/cosaliency/iCoseg/groundtruth/23/223520137_7409718d13.png 0
/home/timplex/dataset/cosaliency/iCoseg/groundtruth/23/223519686_6a4c5e5fd3.png 0
/home/timplex/dataset/cosaliency/iCoseg/groundtruth/23/223519421_d40dda75da.png 0
/home/timplex/dataset/cosaliency/iCoseg/groundtruth/24/224265940_9465c5c10e.png 0
/home/timplex/dataset/cosaliency/iCoseg/groundtruth/24/224266147_553189b6f6.png 0
/home/timplex/dataset/cosaliency/iCoseg/groundtruth/24/224266821_83df036396.png 0
/home/timplex/dataset/cosaliency/iCoseg/groundtruth/24/224266352_f8a912abe9.png 0
/home/timplex/dataset/cosaliency/iCoseg/groundtruth/24/224266555_3309b4893b.png 0
/home/timplex/dataset/cosaliency/iCoseg/groundtruth/24/224267049_e0f3924b6b.png 0
/home/timplex/dataset/cosaliency/iCoseg/groundtruth/25/324453782_3f52883f59.png 0
/home/timplex/dataset/cosaliency/iCoseg/groundtruth/25/349372624_56d95b4eef.png 0
/home/timplex/dataset/cosaliency/iCoseg/groundtruth/25/349372095_eecc5720de.png 0
/home/timplex/dataset/cosaliency/iCoseg/groundtruth/25/324443660_98e146344c.png 0
/home/timplex/dataset/cosaliency/iCoseg/groundtruth/25/349371825_adc2b62421.png 0
/home/timplex/dataset/cosaliency/iCoseg/groundtruth/25/324468356_64f768cad6.png 0
/home/timplex/dataset/cosaliency/iCoseg/groundtruth/25/349373255_a2df7d31b4.png 0
/home/timplex/dataset/cosaliency/iCoseg/groundtruth/25/324447137_ae2ad8ea33.png 0
/home/timplex/dataset/cosaliency/iCoseg/groundtruth/25/324463913_b9b542f8ec.png 0
/home/timplex/dataset/cosaliency/iCoseg/groundtruth/25/349372396_911ec31177.png 0
/home/timplex/dataset/cosaliency/iCoseg/groundtruth/25/349371363_371344d46f.png 0
/home/timplex/dataset/cosaliency/iCoseg/groundtruth/26/2116025861_3f030e15ff.png 0
/home/timplex/dataset/cosaliency/iCoseg/groundtruth/26/2116804148_1403738e92.png 0
/home/timplex/dataset/cosaliency/iCoseg/groundtruth/26/2116024165_5e4138ba98.png 0
/home/timplex/dataset/cosaliency/iCoseg/groundtruth/26/2116804594_f927d75e11.png 0
/home/timplex/dataset/cosaliency/iCoseg/groundtruth/26/2116024949_71602e2071.png 0
/home/timplex/dataset/cosaliency/iCoseg/groundtruth/26/2116804372_952ba99189.png 0
/home/timplex/dataset/cosaliency/iCoseg/groundtruth/26/2116025675_de8e2d79ee.png 0
/home/timplex/dataset/cosaliency/iCoseg/groundtruth/26/2116806046_b1f646c2f3.png 0
/home/timplex/dataset/cosaliency/iCoseg/groundtruth/26/2116025517_c8dd75b039.png 0
/home/timplex/dataset/cosaliency/iCoseg/groundtruth/26/2116026053_39f9dd47d0.png 0
/home/timplex/dataset/cosaliency/iCoseg/groundtruth/26/2116025307_4797e1d33e.png 0
/home/timplex/dataset/cosaliency/iCoseg/groundtruth/26/2116025139_348f10d4fd.png 0
/home/timplex/dataset/cosaliency/iCoseg/groundtruth/27/2664306753_92c31fd941.png 0
/home/timplex/dataset/cosaliency/iCoseg/groundtruth/27/2664396481_8a2a9a04a0.png 0
/home/timplex/dataset/cosaliency/iCoseg/groundtruth/27/2664584157_ea8abaf75c.png 0
/home/timplex/dataset/cosaliency/iCoseg/groundtruth/27/2664392483_72768b18fa.png 0
/home/timplex/dataset/cosaliency/iCoseg/groundtruth/27/2664419895_e580656bde.png 0
/home/timplex/dataset/cosaliency/iCoseg/groundtruth/27/2664412223_3f2bcd1fff.png 0
/home/timplex/dataset/cosaliency/iCoseg/groundtruth/27/2665135718_92c856e92f.png 0
/home/timplex/dataset/cosaliency/iCoseg/groundtruth/27/2664313169_e245dd4081.png 0
/home/timplex/dataset/cosaliency/iCoseg/groundtruth/27/2664424637_f52df1e376.png 0
/home/timplex/dataset/cosaliency/iCoseg/groundtruth/27/2665219164_4ab469e886.png 0
/home/timplex/dataset/cosaliency/iCoseg/groundtruth/27/2664400031_ef2f8821bd.png 0
/home/timplex/dataset/cosaliency/iCoseg/groundtruth/27/2665405196_051a3f3a58.png 0
/home/timplex/dataset/cosaliency/iCoseg/groundtruth/27/2665212904_0855978c31.png 0
/home/timplex/dataset/cosaliency/iCoseg/groundtruth/27/2665231180_b699c6a4e0.png 0
/home/timplex/dataset/cosaliency/iCoseg/groundtruth/27/2664305947_2843a83883.png 0
/home/timplex/dataset/cosaliency/iCoseg/groundtruth/27/2664418257_49ac2a48a0.png 0
/home/timplex/dataset/cosaliency/iCoseg/groundtruth/27/2664416831_1f8d427878.png 0
/home/timplex/dataset/cosaliency/iCoseg/groundtruth/27/2664583167_6c03931bd4.png 0
/home/timplex/dataset/cosaliency/iCoseg/groundtruth/27/2664394747_b5d8dda35c.png 0
/home/timplex/dataset/cosaliency/iCoseg/groundtruth/27/2665230176_04c50a28e7.png 0
/home/timplex/dataset/cosaliency/iCoseg/groundtruth/27/2665208408_4ee1d179fd.png 0
/home/timplex/dataset/cosaliency/iCoseg/groundtruth/27/2664421287_874b3485d8.png 0
/home/timplex/dataset/cosaliency/iCoseg/groundtruth/27/2665138812_4e9f90f51b.png 0
/home/timplex/dataset/cosaliency/iCoseg/groundtruth/27/2664423841_cce497a36b.png 0
/home/timplex/dataset/cosaliency/iCoseg/groundtruth/27/2665248680_25b5af8ab7.png 0
/home/timplex/dataset/cosaliency/iCoseg/groundtruth/27/2664312545_11b6daff9c.png 0
/home/timplex/dataset/cosaliency/iCoseg/groundtruth/27/2665209386_d820f210a7.png 0
/home/timplex/dataset/cosaliency/iCoseg/groundtruth/27/2664315199_e3abffee1b.png 0
/home/timplex/dataset/cosaliency/iCoseg/groundtruth/27/2664573413_3d033b5847.png 0
/home/timplex/dataset/cosaliency/iCoseg/groundtruth/27/2665239150_87050e68ca.png 0
/home/timplex/dataset/cosaliency/iCoseg/groundtruth/27/2664410331_020bc2dc34.png 0
/home/timplex/dataset/cosaliency/iCoseg/groundtruth/27/2665233940_a446f24ced.png 0
/home/timplex/dataset/cosaliency/iCoseg/groundtruth/27/2664308467_0cf38998e9.png 0
/home/timplex/dataset/cosaliency/iCoseg/groundtruth/27/2665403708_8a8483cca0.png 0
/home/timplex/dataset/cosaliency/iCoseg/groundtruth/27/2664406533_9d8e466287.png 0
/home/timplex/dataset/cosaliency/iCoseg/groundtruth/27/2664390555_5e0e68cdbb.png 0
/home/timplex/dataset/cosaliency/iCoseg/groundtruth/28/2665229078_75e4884849.png 0
/home/timplex/dataset/cosaliency/iCoseg/groundtruth/28/2664395353_4d88f187e5.png 0
/home/timplex/dataset/cosaliency/iCoseg/groundtruth/28/2664401393_74120811fd.png 0
/home/timplex/dataset/cosaliency/iCoseg/groundtruth/28/2665242442_8a40fa1743.png 0
/home/timplex/dataset/cosaliency/iCoseg/groundtruth/28/2664418945_6757a300fc.png 0
/home/timplex/dataset/cosaliency/iCoseg/groundtruth/28/2665400226_ef8cfb3303.png 0
/home/timplex/dataset/cosaliency/iCoseg/groundtruth/28/2665210250_66f4c4085e.png 0
/home/timplex/dataset/cosaliency/iCoseg/groundtruth/28/2664577515_52f803db2a.png 0
/home/timplex/dataset/cosaliency/iCoseg/groundtruth/28/2664388593_7088b3c027.png 0
/home/timplex/dataset/cosaliency/iCoseg/groundtruth/28/2665129672_96140efe3f.png 0
/home/timplex/dataset/cosaliency/iCoseg/groundtruth/28/2665227950_f1b1946105.png 0
/home/timplex/dataset/cosaliency/iCoseg/groundtruth/28/2664574785_ea660e068f.png 0
/home/timplex/dataset/cosaliency/iCoseg/groundtruth/28/2664578355_9cbbf13bf4.png 0
/home/timplex/dataset/cosaliency/iCoseg/groundtruth/28/2664385725_b53e2c80ec.png 0
/home/timplex/dataset/cosaliency/iCoseg/groundtruth/28/2664307423_e2b1ccf21f.png 0
/home/timplex/dataset/cosaliency/iCoseg/groundtruth/28/2664311511_5889689c1f.png 0
/home/timplex/dataset/cosaliency/iCoseg/groundtruth/29/2631422266_25085ba6ba.png 0
/home/timplex/dataset/cosaliency/iCoseg/groundtruth/29/2631422114_7b33281736.png 0
/home/timplex/dataset/cosaliency/iCoseg/groundtruth/29/2621115854_b93522fac5.png 0
/home/timplex/dataset/cosaliency/iCoseg/groundtruth/29/2593984182_c9854f07ca.png 0
/home/timplex/dataset/cosaliency/iCoseg/groundtruth/29/2633355008_03145216a4.png 0
/home/timplex/dataset/cosaliency/iCoseg/groundtruth/29/2634296323_a511e6f56b.png 0
/home/timplex/dataset/cosaliency/iCoseg/groundtruth/29/2634225552_3b4c986b16.png 0
/home/timplex/dataset/cosaliency/iCoseg/groundtruth/29/2619890249_3d86c3959f.png 0
/home/timplex/dataset/cosaliency/iCoseg/groundtruth/29/2621115972_060352df67.png 0
/home/timplex/dataset/cosaliency/iCoseg/groundtruth/29/2627425410_646e04404a.png 0
/home/timplex/dataset/cosaliency/iCoseg/groundtruth/29/2593981731_95f6ced77f.png 0
/home/timplex/dataset/cosaliency/iCoseg/groundtruth/29/2627425316_25dceb7f9f.png 0
/home/timplex/dataset/cosaliency/iCoseg/groundtruth/29/2582003040_58f668b2d1.png 0
/home/timplex/dataset/cosaliency/iCoseg/groundtruth/29/2633355078_dbdee4c2ce.png 0
/home/timplex/dataset/cosaliency/iCoseg/groundtruth/29/2628599358_4dbba9bd21.png 0
/home/timplex/dataset/cosaliency/iCoseg/groundtruth/29/2619130048_4e27f8d155.png 0
/home/timplex/dataset/cosaliency/iCoseg/groundtruth/29/2583239366_c74a8f1931.png 0
/home/timplex/dataset/cosaliency/iCoseg/groundtruth/30/2893045396_9cd6c64d3c.png 0
/home/timplex/dataset/cosaliency/iCoseg/groundtruth/30/2892960474_9ff10fd620.png 0
/home/timplex/dataset/cosaliency/iCoseg/groundtruth/30/2892217917_6969faff99.png 0
/home/timplex/dataset/cosaliency/iCoseg/groundtruth/30/2892972336_af580a6c7b.png 0
/home/timplex/dataset/cosaliency/iCoseg/groundtruth/30/2892186923_a4e9139d01.png 0
/home/timplex/dataset/cosaliency/iCoseg/groundtruth/30/2892136387_14323968a7.png 0
/home/timplex/dataset/cosaliency/iCoseg/groundtruth/30/2893034972_fa85b2e68c.png 0
/home/timplex/dataset/cosaliency/iCoseg/groundtruth/30/2892219305_29451e1bf6.png 0
/home/timplex/dataset/cosaliency/iCoseg/groundtruth/30/2893754566_15342aae33.png 0
/home/timplex/dataset/cosaliency/iCoseg/groundtruth/30/2892126401_6a21fb4cbf.png 0
/home/timplex/dataset/cosaliency/iCoseg/groundtruth/30/2893040500_4da352131e.png 0
/home/timplex/dataset/cosaliency/iCoseg/groundtruth/30/2893050062_0897572492.png 0
/home/timplex/dataset/cosaliency/iCoseg/groundtruth/30/2892179357_58d8f94f51.png 0
/home/timplex/dataset/cosaliency/iCoseg/groundtruth/30/2893041534_21beafd5ba.png 0
/home/timplex/dataset/cosaliency/iCoseg/groundtruth/30/2893047084_2f93f83faa.png 0
/home/timplex/dataset/cosaliency/iCoseg/groundtruth/30/2892213631_5a5d47f710.png 0
/home/timplex/dataset/cosaliency/iCoseg/groundtruth/30/2892193025_2e2923111c.png 0
/home/timplex/dataset/cosaliency/iCoseg/groundtruth/30/2893052972_e11b43fcef.png 0
/home/timplex/dataset/cosaliency/iCoseg/groundtruth/30/2893015204_9f73c1c3bd.png 0
/home/timplex/dataset/cosaliency/iCoseg/groundtruth/30/2892966130_df0c9f1828.png 0
/home/timplex/dataset/cosaliency/iCoseg/groundtruth/30/2893036032_31e02a0bae.png 0
/home/timplex/dataset/cosaliency/iCoseg/groundtruth/30/2893016528_eea3aa6c46.png 0
/home/timplex/dataset/cosaliency/iCoseg/groundtruth/30/2892200989_1caa71af34.png 0
/home/timplex/dataset/cosaliency/iCoseg/groundtruth/30/2892195271_f7a57463ce.png 0
/home/timplex/dataset/cosaliency/iCoseg/groundtruth/31/369292648_0f141fa8f7.png 0
/home/timplex/dataset/cosaliency/iCoseg/groundtruth/31/369294116_b272e61262.png 0
/home/timplex/dataset/cosaliency/iCoseg/groundtruth/31/369293065_ebb5455103.png 0
/home/timplex/dataset/cosaliency/iCoseg/groundtruth/31/369293733_9f721f7d61.png 0
/home/timplex/dataset/cosaliency/iCoseg/groundtruth/31/369292707_3bd66a39cd.png 0
/home/timplex/dataset/cosaliency/iCoseg/groundtruth/31/369293634_8709c6206d.png 0
/home/timplex/dataset/cosaliency/iCoseg/groundtruth/31/369292462_136f70fbc5.png 0
/home/timplex/dataset/cosaliency/iCoseg/groundtruth/31/369294244_77cb57d1b5.png 0
/home/timplex/dataset/cosaliency/iCoseg/groundtruth/31/369293484_8415bf2e3b.png 0
/home/timplex/dataset/cosaliency/iCoseg/groundtruth/31/369292769_435964170e.png 0
/home/timplex/dataset/cosaliency/iCoseg/groundtruth/31/369293907_b4d2c8eac7.png 0
/home/timplex/dataset/cosaliency/iCoseg/groundtruth/31/369295042_8b6bf3b130.png 0
/home/timplex/dataset/cosaliency/iCoseg/groundtruth/31/369294940_6fcc200af8.png 0
/home/timplex/dataset/cosaliency/iCoseg/groundtruth/31/369294701_1f7a1eaf2a.png 0
/home/timplex/dataset/cosaliency/iCoseg/groundtruth/31/369293587_aab00828e5.png 0
/home/timplex/dataset/cosaliency/iCoseg/groundtruth/31/369293010_502ffdc0db.png 0
/home/timplex/dataset/cosaliency/iCoseg/groundtruth/31/369294538_29f847d77b.png 0
/home/timplex/dataset/cosaliency/iCoseg/groundtruth/31/369294161_324e3131b6.png 0
/home/timplex/dataset/cosaliency/iCoseg/groundtruth/31/369294528_abbd105f3d.png 0
/home/timplex/dataset/cosaliency/iCoseg/groundtruth/31/369292553_0b276f81b6.png 0
/home/timplex/dataset/cosaliency/iCoseg/groundtruth/31/369294659_ea948bb340.png 0
/home/timplex/dataset/cosaliency/iCoseg/groundtruth/31/369294302_18dca2ab5b.png 0
/home/timplex/dataset/cosaliency/iCoseg/groundtruth/31/369294998_6235b1a3f6.png 0
/home/timplex/dataset/cosaliency/iCoseg/groundtruth/31/369294379_bae58d8ee8.png 0
/home/timplex/dataset/cosaliency/iCoseg/groundtruth/31/369294472_e969383420.png 0
/home/timplex/dataset/cosaliency/iCoseg/groundtruth/31/369292931_90ea177149.png 0
/home/timplex/dataset/cosaliency/iCoseg/groundtruth/31/369293257_fa6cad039c.png 0
/home/timplex/dataset/cosaliency/iCoseg/groundtruth/31/369293538_fe84406c99.png 0
/home/timplex/dataset/cosaliency/iCoseg/groundtruth/31/369294416_3956c0af88.png 0
/home/timplex/dataset/cosaliency/iCoseg/groundtruth/31/369294020_6d518d71c1.png 0
/home/timplex/dataset/cosaliency/iCoseg/groundtruth/31/369292820_f620692cfb.png 0
/home/timplex/dataset/cosaliency/iCoseg/groundtruth/31/369293868_24519b5132.png 0
/home/timplex/dataset/cosaliency/iCoseg/groundtruth/31/369294061_ea84c2eda6.png 0
/home/timplex/dataset/cosaliency/iCoseg/groundtruth/31/369293385_e018c3725d.png 0
/home/timplex/dataset/cosaliency/iCoseg/groundtruth/31/369292516_70b0e4838f.png 0
/home/timplex/dataset/cosaliency/iCoseg/groundtruth/31/369293944_17f2252c70.png 0
/home/timplex/dataset/cosaliency/iCoseg/groundtruth/31/369293688_87888a7a6c.png 0
/home/timplex/dataset/cosaliency/iCoseg/groundtruth/31/369293157_2716ce96da.png 0
/home/timplex/dataset/cosaliency/iCoseg/groundtruth/31/369293337_a357528db9.png 0
/home/timplex/dataset/cosaliency/iCoseg/groundtruth/31/369293819_7c094c90f0.png 0
/home/timplex/dataset/cosaliency/iCoseg/groundtruth/31/369293780_7bb07ef421.png 0
/home/timplex/dataset/cosaliency/iCoseg/groundtruth/32/601731816_01fdecd5b3.png 0
/home/timplex/dataset/cosaliency/iCoseg/groundtruth/32/601732224_161e026402.png 0
/home/timplex/dataset/cosaliency/iCoseg/groundtruth/32/601725978_802799b258.png 0
/home/timplex/dataset/cosaliency/iCoseg/groundtruth/32/601442251_59550e4fe1.png 0
/home/timplex/dataset/cosaliency/iCoseg/groundtruth/32/601725506_fa76987c22.png 0
/home/timplex/dataset/cosaliency/iCoseg/groundtruth/32/601728196_5997f5dd5a.png 0
/home/timplex/dataset/cosaliency/iCoseg/groundtruth/32/601445901_808a19bf43.png 0
/home/timplex/dataset/cosaliency/iCoseg/groundtruth/32/357639240_54add58ea3.png 0
/home/timplex/dataset/cosaliency/iCoseg/groundtruth/32/601729182_b4f808931d.png 0
/home/timplex/dataset/cosaliency/iCoseg/groundtruth/32/601440851_8918000323.png 0
/home/timplex/dataset/cosaliency/iCoseg/groundtruth/32/601441753_c30a75b16d.png 0
/home/timplex/dataset/cosaliency/iCoseg/groundtruth/32/601728796_2fada072ef.png 0
/home/timplex/dataset/cosaliency/iCoseg/groundtruth/32/601445439_7c4cafd162.png 0
/home/timplex/dataset/cosaliency/iCoseg/groundtruth/33/2331466151_c0dc9f7efb.png 0
/home/timplex/dataset/cosaliency/iCoseg/groundtruth/33/2332343148_d8c9b87349.png 0
/home/timplex/dataset/cosaliency/iCoseg/groundtruth/33/2331455717_616c01e7c5.png 0
/home/timplex/dataset/cosaliency/iCoseg/groundtruth/33/2331506085_2b62035642.png 0
/home/timplex/dataset/cosaliency/iCoseg/groundtruth/33/2332300706_ffd6a27d25.png 0
/home/timplex/dataset/cosaliency/iCoseg/groundtruth/33/2331462997_7475d5764a.png 0
/home/timplex/dataset/cosaliency/iCoseg/groundtruth/33/2331464975_2ff0cd03c8.png 0
/home/timplex/dataset/cosaliency/iCoseg/groundtruth/33/2331458055_57052883e7.png 0
/home/timplex/dataset/cosaliency/iCoseg/groundtruth/33/2332299598_2fdbf079d8.png 0
/home/timplex/dataset/cosaliency/iCoseg/groundtruth/33/2332337496_24591dfa1b.png 0
/home/timplex/dataset/cosaliency/iCoseg/groundtruth/33/2332340364_0a8f6db962.png 0
/home/timplex/dataset/cosaliency/iCoseg/groundtruth/33/2331456945_cc214ea779.png 0
/home/timplex/dataset/cosaliency/iCoseg/groundtruth/33/2331507189_9e1bf4f004.png 0
/home/timplex/dataset/cosaliency/iCoseg/groundtruth/34/513284716_7b6b72626e.png 0
/home/timplex/dataset/cosaliency/iCoseg/groundtruth/34/469930581_7770a01be9.png 0
/home/timplex/dataset/cosaliency/iCoseg/groundtruth/34/481995408_e8db2682c0.png 0
/home/timplex/dataset/cosaliency/iCoseg/groundtruth/34/476022278_7c6efc297a.png 0
/home/timplex/dataset/cosaliency/iCoseg/groundtruth/34/468243632_f997d89623.png 0
/home/timplex/dataset/cosaliency/iCoseg/groundtruth/35/2825372906_e0ca9cefe6.png 0
/home/timplex/dataset/cosaliency/iCoseg/groundtruth/35/2825354014_7f9c68933a.png 0
/home/timplex/dataset/cosaliency/iCoseg/groundtruth/35/2825382116_34971fdf82.png 0
/home/timplex/dataset/cosaliency/iCoseg/groundtruth/35/2824522913_437eac7633.png 0
/home/timplex/dataset/cosaliency/iCoseg/groundtruth/35/2824557185_eef1ab9386.png 0
/home/timplex/dataset/cosaliency/iCoseg/groundtruth/35/2825351244_b83ff2b007.png 0
/home/timplex/dataset/cosaliency/iCoseg/groundtruth/35/2825403992_0aa5bdffc5.png 0
/home/timplex/dataset/cosaliency/iCoseg/groundtruth/35/2825410126_0532b171dc.png 0
/home/timplex/dataset/cosaliency/iCoseg/groundtruth/35/2825397838_76c56f15e2.png 0
/home/timplex/dataset/cosaliency/iCoseg/groundtruth/35/2824535493_7994e30e84.png 0
/home/timplex/dataset/cosaliency/iCoseg/groundtruth/35/2824553845_fa5bf0fbf5.png 0
/home/timplex/dataset/cosaliency/iCoseg/groundtruth/35/2824513977_33bf28b408.png 0
/home/timplex/dataset/cosaliency/iCoseg/groundtruth/35/2824544935_4cffdc6431.png 0
/home/timplex/dataset/cosaliency/iCoseg/groundtruth/35/2825376010_cc00fc1f2d.png 0
/home/timplex/dataset/cosaliency/iCoseg/groundtruth/35/2824532293_8c1f1a6abe.png 0
/home/timplex/dataset/cosaliency/iCoseg/groundtruth/35/2824597189_cb6e575dd2.png 0
/home/timplex/dataset/cosaliency/iCoseg/groundtruth/35/2824566645_afbf709cf7.png 0
/home/timplex/dataset/cosaliency/iCoseg/groundtruth/35/2825394604_d020a15305.png 0
/home/timplex/dataset/cosaliency/iCoseg/groundtruth/36/2600200927_68eaa8568b.png 0
/home/timplex/dataset/cosaliency/iCoseg/groundtruth/36/2600124159_c3e5831ba0.png 0
/home/timplex/dataset/cosaliency/iCoseg/groundtruth/36/2601160738_e07230d721.png 0
/home/timplex/dataset/cosaliency/iCoseg/groundtruth/36/2600343977_7f70c4bdb2.png 0
/home/timplex/dataset/cosaliency/iCoseg/groundtruth/36/2601106082_64b8a7d80b.png 0
/home/timplex/dataset/cosaliency/iCoseg/groundtruth/36/2601175530_83afe01efe.png 0
/home/timplex/dataset/cosaliency/iCoseg/groundtruth/36/2601103364_8a0c355a0c.png 0
/home/timplex/dataset/cosaliency/iCoseg/groundtruth/36/2600267311_b9428ac9e6.png 0
/home/timplex/dataset/cosaliency/iCoseg/groundtruth/36/2600322293_50c98527dd.png 0
/home/timplex/dataset/cosaliency/iCoseg/groundtruth/36/2599244917_142a4b8cda.png 0
/home/timplex/dataset/cosaliency/iCoseg/groundtruth/36/2600269449_6131de53c0.png 0
/home/timplex/dataset/cosaliency/iCoseg/groundtruth/36/2601036080_cb8bb71f47.png 0
/home/timplex/dataset/cosaliency/iCoseg/groundtruth/36/2601089958_0503d42b1c.png 0
/home/timplex/dataset/cosaliency/iCoseg/groundtruth/36/2601177796_b8e280ac8a.png 0
/home/timplex/dataset/cosaliency/iCoseg/groundtruth/36/2601042110_2f80c3c834.png 0
/home/timplex/dataset/cosaliency/iCoseg/groundtruth/36/2600169273_203ece0ed7.png 0
/home/timplex/dataset/cosaliency/iCoseg/groundtruth/36/2600082052_4735916baa.png 0
/home/timplex/dataset/cosaliency/iCoseg/groundtruth/36/2600282939_0af570c344.png 0
/home/timplex/dataset/cosaliency/iCoseg/groundtruth/36/2600279433_49180ae783.png 0
/home/timplex/dataset/cosaliency/iCoseg/groundtruth/36/2601003636_65920e22a9.png 0
/home/timplex/dataset/cosaliency/iCoseg/groundtruth/36/2600202711_b8ddb426d7.png 0
/home/timplex/dataset/cosaliency/iCoseg/groundtruth/36/2600221691_528280b36a.png 0
/home/timplex/dataset/cosaliency/iCoseg/groundtruth/36/2600323703_f9c25a1c4e.png 0
/home/timplex/dataset/cosaliency/iCoseg/groundtruth/36/2601094254_5b6e8e4c06.png 0
/home/timplex/dataset/cosaliency/iCoseg/groundtruth/36/2601110410_978ca12576.png 0
/home/timplex/dataset/cosaliency/iCoseg/groundtruth/36/2600205245_1a0824fe37.png 0
/home/timplex/dataset/cosaliency/iCoseg/groundtruth/36/2599245593_465b1abdc3.png 0
/home/timplex/dataset/cosaliency/iCoseg/groundtruth/36/2601087522_6b182e50e5.png 0
/home/timplex/dataset/cosaliency/iCoseg/groundtruth/36/2600216267_707e31bee5.png 0
/home/timplex/dataset/cosaliency/iCoseg/groundtruth/36/2600999392_81df2c3baa.png 0
/home/timplex/dataset/cosaliency/iCoseg/groundtruth/37/2802726403_aa53c61805.png 0
/home/timplex/dataset/cosaliency/iCoseg/groundtruth/37/2803574710_a076c1520f.png 0
/home/timplex/dataset/cosaliency/iCoseg/groundtruth/37/2802725781_52d0e4061a.png 0
/home/timplex/dataset/cosaliency/iCoseg/groundtruth/37/2803572458_3db24f17db.png 0
/home/timplex/dataset/cosaliency/iCoseg/groundtruth/37/2802722747_0e32525511.png 0
/home/timplex/dataset/cosaliency/iCoseg/groundtruth/37/2803571364_e3b2cff0af.png 0
/home/timplex/dataset/cosaliency/iCoseg/groundtruth/37/2802728213_5c521be44f.png 0
/home/timplex/dataset/cosaliency/iCoseg/groundtruth/37/2803567924_14a50e4287.png 0
/home/timplex/dataset/cosaliency/iCoseg/groundtruth/37/2784310483_670a48b76a.png 0
/home/timplex/dataset/cosaliency/iCoseg/groundtruth/37/2802728933_48c608c880.png 0
/home/timplex/dataset/cosaliency/iCoseg/groundtruth/37/2803569026_2580186b21.png 0
/home/timplex/dataset/cosaliency/iCoseg/groundtruth/38/583859725_1226a572b4.png 0
/home/timplex/dataset/cosaliency/iCoseg/groundtruth/38/583859675_f585a0a3ff.png 0
/home/timplex/dataset/cosaliency/iCoseg/groundtruth/38/583859953_92722e861f.png 0
/home/timplex/dataset/cosaliency/iCoseg/groundtruth/38/585038698_bba3f9da6c.png 0
/home/timplex/dataset/cosaliency/iCoseg/groundtruth/38/583859889_e0a9bed109.png 0
