/home/timplex/dataset/cosaliency/MSRC/groundtruth/6/8_25_s.bmp 0
/home/timplex/dataset/cosaliency/MSRC/groundtruth/6/8_20_s.bmp 0
/home/timplex/dataset/cosaliency/MSRC/groundtruth/6/8_15_s.bmp 0
/home/timplex/dataset/cosaliency/MSRC/groundtruth/6/8_17_s.bmp 0
/home/timplex/dataset/cosaliency/MSRC/groundtruth/6/8_27_s.bmp 0
/home/timplex/dataset/cosaliency/MSRC/groundtruth/6/8_23_s.bmp 0
/home/timplex/dataset/cosaliency/MSRC/groundtruth/6/8_13_s.bmp 0
/home/timplex/dataset/cosaliency/MSRC/groundtruth/6/8_4_s.bmp 0
/home/timplex/dataset/cosaliency/MSRC/groundtruth/6/8_26_s.bmp 0
/home/timplex/dataset/cosaliency/MSRC/groundtruth/6/8_7_s.bmp 0
/home/timplex/dataset/cosaliency/MSRC/groundtruth/6/8_21_s.bmp 0
/home/timplex/dataset/cosaliency/MSRC/groundtruth/6/8_3_s.bmp 0
/home/timplex/dataset/cosaliency/MSRC/groundtruth/6/8_18_s.bmp 0
/home/timplex/dataset/cosaliency/MSRC/groundtruth/6/8_1_s.bmp 0
/home/timplex/dataset/cosaliency/MSRC/groundtruth/6/8_2_s.bmp 0
/home/timplex/dataset/cosaliency/MSRC/groundtruth/6/8_10_s.bmp 0
/home/timplex/dataset/cosaliency/MSRC/groundtruth/6/8_11_s.bmp 0
/home/timplex/dataset/cosaliency/MSRC/groundtruth/6/8_22_s.bmp 0
/home/timplex/dataset/cosaliency/MSRC/groundtruth/6/8_8_s.bmp 0
/home/timplex/dataset/cosaliency/MSRC/groundtruth/6/8_5_s.bmp 0
/home/timplex/dataset/cosaliency/MSRC/groundtruth/6/8_24_s.bmp 0
/home/timplex/dataset/cosaliency/MSRC/groundtruth/6/8_12_s.bmp 0
/home/timplex/dataset/cosaliency/MSRC/groundtruth/6/8_16_s.bmp 0
/home/timplex/dataset/cosaliency/MSRC/groundtruth/6/8_28_s.bmp 0
/home/timplex/dataset/cosaliency/MSRC/groundtruth/6/8_30_s.bmp 0
/home/timplex/dataset/cosaliency/MSRC/groundtruth/6/8_29_s.bmp 0
/home/timplex/dataset/cosaliency/MSRC/groundtruth/6/8_14_s.bmp 0
/home/timplex/dataset/cosaliency/MSRC/groundtruth/6/8_9_s.bmp 0
/home/timplex/dataset/cosaliency/MSRC/groundtruth/6/8_6_s.bmp 0
/home/timplex/dataset/cosaliency/MSRC/groundtruth/6/8_19_s.bmp 0
/home/timplex/dataset/cosaliency/MSRC/groundtruth/2/2_18_s.bmp 0
/home/timplex/dataset/cosaliency/MSRC/groundtruth/2/2_4_s.bmp 0
/home/timplex/dataset/cosaliency/MSRC/groundtruth/2/2_13_s.bmp 0
/home/timplex/dataset/cosaliency/MSRC/groundtruth/2/2_14_s.bmp 0
/home/timplex/dataset/cosaliency/MSRC/groundtruth/2/2_29_s.bmp 0
/home/timplex/dataset/cosaliency/MSRC/groundtruth/2/2_28_s.bmp 0
/home/timplex/dataset/cosaliency/MSRC/groundtruth/2/2_17_s.bmp 0
/home/timplex/dataset/cosaliency/MSRC/groundtruth/2/2_26_s.bmp 0
/home/timplex/dataset/cosaliency/MSRC/groundtruth/2/2_22_s.bmp 0
/home/timplex/dataset/cosaliency/MSRC/groundtruth/2/2_25_s.bmp 0
/home/timplex/dataset/cosaliency/MSRC/groundtruth/2/2_5_s.bmp 0
/home/timplex/dataset/cosaliency/MSRC/groundtruth/2/2_19_s.bmp 0
/home/timplex/dataset/cosaliency/MSRC/groundtruth/2/2_27_s.bmp 0
/home/timplex/dataset/cosaliency/MSRC/groundtruth/2/2_10_s.bmp 0
/home/timplex/dataset/cosaliency/MSRC/groundtruth/2/2_21_s.bmp 0
/home/timplex/dataset/cosaliency/MSRC/groundtruth/2/2_9_s.bmp 0
/home/timplex/dataset/cosaliency/MSRC/groundtruth/2/2_23_s.bmp 0
/home/timplex/dataset/cosaliency/MSRC/groundtruth/2/2_20_s.bmp 0
/home/timplex/dataset/cosaliency/MSRC/groundtruth/2/2_1_s.bmp 0
/home/timplex/dataset/cosaliency/MSRC/groundtruth/2/2_16_s.bmp 0
/home/timplex/dataset/cosaliency/MSRC/groundtruth/2/2_12_s.bmp 0
/home/timplex/dataset/cosaliency/MSRC/groundtruth/2/2_7_s.bmp 0
/home/timplex/dataset/cosaliency/MSRC/groundtruth/2/2_15_s.bmp 0
/home/timplex/dataset/cosaliency/MSRC/groundtruth/2/2_30_s.bmp 0
/home/timplex/dataset/cosaliency/MSRC/groundtruth/2/2_3_s.bmp 0
/home/timplex/dataset/cosaliency/MSRC/groundtruth/2/2_8_s.bmp 0
/home/timplex/dataset/cosaliency/MSRC/groundtruth/2/2_24_s.bmp 0
/home/timplex/dataset/cosaliency/MSRC/groundtruth/2/2_11_s.bmp 0
/home/timplex/dataset/cosaliency/MSRC/groundtruth/2/2_6_s.bmp 0
/home/timplex/dataset/cosaliency/MSRC/groundtruth/2/2_2_s.bmp 0
/home/timplex/dataset/cosaliency/MSRC/groundtruth/7/7_28_s.bmp 0
/home/timplex/dataset/cosaliency/MSRC/groundtruth/7/7_17_s.bmp 0
/home/timplex/dataset/cosaliency/MSRC/groundtruth/7/7_22_s.bmp 0
/home/timplex/dataset/cosaliency/MSRC/groundtruth/7/7_25_s.bmp 0
/home/timplex/dataset/cosaliency/MSRC/groundtruth/7/7_2_s.bmp 0
/home/timplex/dataset/cosaliency/MSRC/groundtruth/7/7_8_s.bmp 0
/home/timplex/dataset/cosaliency/MSRC/groundtruth/7/7_14_s.bmp 0
/home/timplex/dataset/cosaliency/MSRC/groundtruth/7/7_24_s.bmp 0
/home/timplex/dataset/cosaliency/MSRC/groundtruth/7/7_26_s.bmp 0
/home/timplex/dataset/cosaliency/MSRC/groundtruth/7/7_6_s.bmp 0
/home/timplex/dataset/cosaliency/MSRC/groundtruth/7/7_1_s.bmp 0
/home/timplex/dataset/cosaliency/MSRC/groundtruth/7/7_7_s.bmp 0
/home/timplex/dataset/cosaliency/MSRC/groundtruth/7/7_11_s.bmp 0
/home/timplex/dataset/cosaliency/MSRC/groundtruth/7/7_29_s.bmp 0
/home/timplex/dataset/cosaliency/MSRC/groundtruth/7/7_12_s.bmp 0
/home/timplex/dataset/cosaliency/MSRC/groundtruth/7/7_21_s.bmp 0
/home/timplex/dataset/cosaliency/MSRC/groundtruth/7/7_19_s.bmp 0
/home/timplex/dataset/cosaliency/MSRC/groundtruth/7/7_3_s.bmp 0
/home/timplex/dataset/cosaliency/MSRC/groundtruth/7/7_27_s.bmp 0
/home/timplex/dataset/cosaliency/MSRC/groundtruth/7/7_18_s.bmp 0
/home/timplex/dataset/cosaliency/MSRC/groundtruth/7/7_9_s.bmp 0
/home/timplex/dataset/cosaliency/MSRC/groundtruth/7/7_23_s.bmp 0
/home/timplex/dataset/cosaliency/MSRC/groundtruth/7/7_30_s.bmp 0
/home/timplex/dataset/cosaliency/MSRC/groundtruth/7/7_16_s.bmp 0
/home/timplex/dataset/cosaliency/MSRC/groundtruth/7/7_20_s.bmp 0
/home/timplex/dataset/cosaliency/MSRC/groundtruth/7/7_5_s.bmp 0
/home/timplex/dataset/cosaliency/MSRC/groundtruth/7/7_10_s.bmp 0
/home/timplex/dataset/cosaliency/MSRC/groundtruth/7/7_13_s.bmp 0
/home/timplex/dataset/cosaliency/MSRC/groundtruth/7/7_15_s.bmp 0
/home/timplex/dataset/cosaliency/MSRC/groundtruth/7/7_4_s.bmp 0
/home/timplex/dataset/cosaliency/MSRC/groundtruth/1/1_12_s.bmp 0
/home/timplex/dataset/cosaliency/MSRC/groundtruth/1/5_25_s.bmp 0
/home/timplex/dataset/cosaliency/MSRC/groundtruth/1/1_23_s.bmp 0
/home/timplex/dataset/cosaliency/MSRC/groundtruth/1/1_30_s.bmp 0
/home/timplex/dataset/cosaliency/MSRC/groundtruth/1/5_10_s.bmp 0
/home/timplex/dataset/cosaliency/MSRC/groundtruth/1/5_2_s.bmp 0
/home/timplex/dataset/cosaliency/MSRC/groundtruth/1/1_16_s.bmp 0
/home/timplex/dataset/cosaliency/MSRC/groundtruth/1/5_29_s.bmp 0
/home/timplex/dataset/cosaliency/MSRC/groundtruth/1/5_24_s.bmp 0
/home/timplex/dataset/cosaliency/MSRC/groundtruth/1/1_21_s.bmp 0
/home/timplex/dataset/cosaliency/MSRC/groundtruth/1/1_20_s.bmp 0
/home/timplex/dataset/cosaliency/MSRC/groundtruth/1/5_30_s.bmp 0
/home/timplex/dataset/cosaliency/MSRC/groundtruth/1/5_8_s.bmp 0
/home/timplex/dataset/cosaliency/MSRC/groundtruth/1/5_28_s.bmp 0
/home/timplex/dataset/cosaliency/MSRC/groundtruth/1/5_16_s.bmp 0
/home/timplex/dataset/cosaliency/MSRC/groundtruth/1/5_7_s.bmp 0
/home/timplex/dataset/cosaliency/MSRC/groundtruth/1/1_9_s.bmp 0
/home/timplex/dataset/cosaliency/MSRC/groundtruth/1/5_22_s.bmp 0
/home/timplex/dataset/cosaliency/MSRC/groundtruth/1/5_18_s.bmp 0
/home/timplex/dataset/cosaliency/MSRC/groundtruth/1/5_14_s.bmp 0
/home/timplex/dataset/cosaliency/MSRC/groundtruth/1/5_13_s.bmp 0
/home/timplex/dataset/cosaliency/MSRC/groundtruth/1/1_11_s.bmp 0
/home/timplex/dataset/cosaliency/MSRC/groundtruth/1/1_26_s.bmp 0
/home/timplex/dataset/cosaliency/MSRC/groundtruth/1/5_1_s.bmp 0
/home/timplex/dataset/cosaliency/MSRC/groundtruth/1/5_15_s.bmp 0
/home/timplex/dataset/cosaliency/MSRC/groundtruth/1/5_12_s.bmp 0
/home/timplex/dataset/cosaliency/MSRC/groundtruth/1/5_26_s.bmp 0
/home/timplex/dataset/cosaliency/MSRC/groundtruth/1/1_18_s.bmp 0
/home/timplex/dataset/cosaliency/MSRC/groundtruth/1/5_23_s.bmp 0
/home/timplex/dataset/cosaliency/MSRC/groundtruth/1/1_8_s.bmp 0
/home/timplex/dataset/cosaliency/MSRC/groundtruth/1/1_27_s.bmp 0
/home/timplex/dataset/cosaliency/MSRC/groundtruth/1/1_10_s.bmp 0
/home/timplex/dataset/cosaliency/MSRC/groundtruth/1/5_9_s.bmp 0
/home/timplex/dataset/cosaliency/MSRC/groundtruth/1/5_21_s.bmp 0
/home/timplex/dataset/cosaliency/MSRC/groundtruth/1/5_19_s.bmp 0
/home/timplex/dataset/cosaliency/MSRC/groundtruth/1/5_5_s.bmp 0
/home/timplex/dataset/cosaliency/MSRC/groundtruth/1/5_4_s.bmp 0
/home/timplex/dataset/cosaliency/MSRC/groundtruth/1/5_27_s.bmp 0
/home/timplex/dataset/cosaliency/MSRC/groundtruth/1/1_29_s.bmp 0
/home/timplex/dataset/cosaliency/MSRC/groundtruth/1/5_17_s.bmp 0
/home/timplex/dataset/cosaliency/MSRC/groundtruth/1/5_20_s.bmp 0
/home/timplex/dataset/cosaliency/MSRC/groundtruth/1/1_14_s.bmp 0
/home/timplex/dataset/cosaliency/MSRC/groundtruth/1/1_15_s.bmp 0
/home/timplex/dataset/cosaliency/MSRC/groundtruth/1/1_17_s.bmp 0
/home/timplex/dataset/cosaliency/MSRC/groundtruth/1/1_19_s.bmp 0
/home/timplex/dataset/cosaliency/MSRC/groundtruth/1/1_28_s.bmp 0
/home/timplex/dataset/cosaliency/MSRC/groundtruth/1/5_3_s.bmp 0
/home/timplex/dataset/cosaliency/MSRC/groundtruth/1/1_13_s.bmp 0
/home/timplex/dataset/cosaliency/MSRC/groundtruth/1/5_6_s.bmp 0
/home/timplex/dataset/cosaliency/MSRC/groundtruth/1/1_25_s.bmp 0
/home/timplex/dataset/cosaliency/MSRC/groundtruth/1/1_22_s.bmp 0
/home/timplex/dataset/cosaliency/MSRC/groundtruth/1/1_24_s.bmp 0
/home/timplex/dataset/cosaliency/MSRC/groundtruth/1/5_11_s.bmp 0
/home/timplex/dataset/cosaliency/MSRC/groundtruth/5/6_9_s.bmp 0
/home/timplex/dataset/cosaliency/MSRC/groundtruth/5/6_15_s.bmp 0
/home/timplex/dataset/cosaliency/MSRC/groundtruth/5/6_10_s.bmp 0
/home/timplex/dataset/cosaliency/MSRC/groundtruth/5/6_2_s.bmp 0
/home/timplex/dataset/cosaliency/MSRC/groundtruth/5/6_21_s.bmp 0
/home/timplex/dataset/cosaliency/MSRC/groundtruth/5/6_17_s.bmp 0
/home/timplex/dataset/cosaliency/MSRC/groundtruth/5/6_4_s.bmp 0
/home/timplex/dataset/cosaliency/MSRC/groundtruth/5/6_27_s.bmp 0
/home/timplex/dataset/cosaliency/MSRC/groundtruth/5/6_28_s.bmp 0
/home/timplex/dataset/cosaliency/MSRC/groundtruth/5/6_30_s.bmp 0
/home/timplex/dataset/cosaliency/MSRC/groundtruth/5/6_8_s.bmp 0
/home/timplex/dataset/cosaliency/MSRC/groundtruth/5/6_20_s.bmp 0
/home/timplex/dataset/cosaliency/MSRC/groundtruth/5/6_16_s.bmp 0
/home/timplex/dataset/cosaliency/MSRC/groundtruth/5/6_29_s.bmp 0
/home/timplex/dataset/cosaliency/MSRC/groundtruth/5/6_13_s.bmp 0
/home/timplex/dataset/cosaliency/MSRC/groundtruth/5/6_23_s.bmp 0
/home/timplex/dataset/cosaliency/MSRC/groundtruth/5/6_1_s.bmp 0
/home/timplex/dataset/cosaliency/MSRC/groundtruth/5/6_26_s.bmp 0
/home/timplex/dataset/cosaliency/MSRC/groundtruth/5/6_3_s.bmp 0
/home/timplex/dataset/cosaliency/MSRC/groundtruth/5/6_14_s.bmp 0
/home/timplex/dataset/cosaliency/MSRC/groundtruth/5/6_11_s.bmp 0
/home/timplex/dataset/cosaliency/MSRC/groundtruth/5/6_7_s.bmp 0
/home/timplex/dataset/cosaliency/MSRC/groundtruth/5/6_18_s.bmp 0
/home/timplex/dataset/cosaliency/MSRC/groundtruth/5/6_12_s.bmp 0
/home/timplex/dataset/cosaliency/MSRC/groundtruth/5/6_25_s.bmp 0
/home/timplex/dataset/cosaliency/MSRC/groundtruth/5/6_6_s.bmp 0
/home/timplex/dataset/cosaliency/MSRC/groundtruth/5/6_24_s.bmp 0
/home/timplex/dataset/cosaliency/MSRC/groundtruth/5/6_22_s.bmp 0
/home/timplex/dataset/cosaliency/MSRC/groundtruth/5/6_19_s.bmp 0
/home/timplex/dataset/cosaliency/MSRC/groundtruth/5/6_5_s.bmp 0
/home/timplex/dataset/cosaliency/MSRC/groundtruth/4/4_25_s.bmp 0
/home/timplex/dataset/cosaliency/MSRC/groundtruth/4/4_1_s.bmp 0
/home/timplex/dataset/cosaliency/MSRC/groundtruth/4/4_27_s.bmp 0
/home/timplex/dataset/cosaliency/MSRC/groundtruth/4/4_9_s.bmp 0
/home/timplex/dataset/cosaliency/MSRC/groundtruth/4/4_19_s.bmp 0
/home/timplex/dataset/cosaliency/MSRC/groundtruth/4/4_24_s.bmp 0
/home/timplex/dataset/cosaliency/MSRC/groundtruth/4/4_18_s.bmp 0
/home/timplex/dataset/cosaliency/MSRC/groundtruth/4/4_22_s.bmp 0
/home/timplex/dataset/cosaliency/MSRC/groundtruth/4/4_28_s.bmp 0
/home/timplex/dataset/cosaliency/MSRC/groundtruth/4/4_29_s.bmp 0
/home/timplex/dataset/cosaliency/MSRC/groundtruth/4/4_20_s.bmp 0
/home/timplex/dataset/cosaliency/MSRC/groundtruth/4/4_13_s.bmp 0
/home/timplex/dataset/cosaliency/MSRC/groundtruth/4/4_10_s.bmp 0
/home/timplex/dataset/cosaliency/MSRC/groundtruth/4/4_15_s.bmp 0
/home/timplex/dataset/cosaliency/MSRC/groundtruth/4/4_3_s.bmp 0
/home/timplex/dataset/cosaliency/MSRC/groundtruth/4/4_21_s.bmp 0
/home/timplex/dataset/cosaliency/MSRC/groundtruth/4/4_8_s.bmp 0
/home/timplex/dataset/cosaliency/MSRC/groundtruth/4/4_11_s.bmp 0
/home/timplex/dataset/cosaliency/MSRC/groundtruth/4/4_23_s.bmp 0
/home/timplex/dataset/cosaliency/MSRC/groundtruth/4/4_30_s.bmp 0
/home/timplex/dataset/cosaliency/MSRC/groundtruth/4/4_2_s.bmp 0
/home/timplex/dataset/cosaliency/MSRC/groundtruth/4/4_17_s.bmp 0
/home/timplex/dataset/cosaliency/MSRC/groundtruth/4/4_7_s.bmp 0
/home/timplex/dataset/cosaliency/MSRC/groundtruth/4/4_5_s.bmp 0
/home/timplex/dataset/cosaliency/MSRC/groundtruth/4/4_26_s.bmp 0
/home/timplex/dataset/cosaliency/MSRC/groundtruth/4/4_4_s.bmp 0
/home/timplex/dataset/cosaliency/MSRC/groundtruth/4/4_6_s.bmp 0
/home/timplex/dataset/cosaliency/MSRC/groundtruth/4/4_14_s.bmp 0
/home/timplex/dataset/cosaliency/MSRC/groundtruth/4/4_16_s.bmp 0
/home/timplex/dataset/cosaliency/MSRC/groundtruth/4/4_12_s.bmp 0
/home/timplex/dataset/cosaliency/MSRC/groundtruth/3/3_11_s.bmp 0
/home/timplex/dataset/cosaliency/MSRC/groundtruth/3/3_8_s.bmp 0
/home/timplex/dataset/cosaliency/MSRC/groundtruth/3/3_21_s.bmp 0
/home/timplex/dataset/cosaliency/MSRC/groundtruth/3/3_23_s.bmp 0
/home/timplex/dataset/cosaliency/MSRC/groundtruth/3/3_29_s.bmp 0
/home/timplex/dataset/cosaliency/MSRC/groundtruth/3/3_5_s.bmp 0
/home/timplex/dataset/cosaliency/MSRC/groundtruth/3/3_19_s.bmp 0
/home/timplex/dataset/cosaliency/MSRC/groundtruth/3/3_12_s.bmp 0
/home/timplex/dataset/cosaliency/MSRC/groundtruth/3/3_30_s.bmp 0
/home/timplex/dataset/cosaliency/MSRC/groundtruth/3/3_26_s.bmp 0
/home/timplex/dataset/cosaliency/MSRC/groundtruth/3/3_20_s.bmp 0
/home/timplex/dataset/cosaliency/MSRC/groundtruth/3/3_9_s.bmp 0
/home/timplex/dataset/cosaliency/MSRC/groundtruth/3/3_18_s.bmp 0
/home/timplex/dataset/cosaliency/MSRC/groundtruth/3/3_27_s.bmp 0
/home/timplex/dataset/cosaliency/MSRC/groundtruth/3/3_3_s.bmp 0
/home/timplex/dataset/cosaliency/MSRC/groundtruth/3/3_10_s.bmp 0
/home/timplex/dataset/cosaliency/MSRC/groundtruth/3/3_2_s.bmp 0
/home/timplex/dataset/cosaliency/MSRC/groundtruth/3/3_4_s.bmp 0
/home/timplex/dataset/cosaliency/MSRC/groundtruth/3/3_1_s.bmp 0
/home/timplex/dataset/cosaliency/MSRC/groundtruth/3/3_7_s.bmp 0
/home/timplex/dataset/cosaliency/MSRC/groundtruth/3/3_22_s.bmp 0
/home/timplex/dataset/cosaliency/MSRC/groundtruth/3/3_24_s.bmp 0
/home/timplex/dataset/cosaliency/MSRC/groundtruth/3/3_17_s.bmp 0
/home/timplex/dataset/cosaliency/MSRC/groundtruth/3/3_13_s.bmp 0
/home/timplex/dataset/cosaliency/MSRC/groundtruth/3/3_15_s.bmp 0
/home/timplex/dataset/cosaliency/MSRC/groundtruth/3/3_14_s.bmp 0
/home/timplex/dataset/cosaliency/MSRC/groundtruth/3/3_6_s.bmp 0
/home/timplex/dataset/cosaliency/MSRC/groundtruth/3/3_25_s.bmp 0
/home/timplex/dataset/cosaliency/MSRC/groundtruth/3/3_16_s.bmp 0
/home/timplex/dataset/cosaliency/MSRC/groundtruth/3/3_28_s.bmp 0
