/home/timplex/dataset/cosaliency/MSRC/images/4/4_7_s.bmp /home/timplex/dataset/cosaliency/MSRC/groundtruth/4/4_7_s.bmp
/home/timplex/dataset/cosaliency/MSRC/images/6/8_16_s.bmp /home/timplex/dataset/cosaliency/MSRC/groundtruth/6/8_16_s.bmp
/home/timplex/dataset/cosaliency/MSRC/images/3/3_16_s.bmp /home/timplex/dataset/cosaliency/MSRC/groundtruth/3/3_16_s.bmp
/home/timplex/dataset/cosaliency/MSRC/images/5/6_1_s.bmp /home/timplex/dataset/cosaliency/MSRC/groundtruth/5/6_1_s.bmp
/home/timplex/dataset/cosaliency/MSRC/images/2/2_8_s.bmp /home/timplex/dataset/cosaliency/MSRC/groundtruth/2/2_8_s.bmp
/home/timplex/dataset/cosaliency/MSRC/images/1/1_9_s.bmp /home/timplex/dataset/cosaliency/MSRC/groundtruth/1/1_9_s.bmp
/home/timplex/dataset/cosaliency/MSRC/images/4/4_4_s.bmp /home/timplex/dataset/cosaliency/MSRC/groundtruth/4/4_4_s.bmp
/home/timplex/dataset/cosaliency/MSRC/images/2/2_10_s.bmp /home/timplex/dataset/cosaliency/MSRC/groundtruth/2/2_10_s.bmp
/home/timplex/dataset/cosaliency/MSRC/images/1/5_29_s.bmp /home/timplex/dataset/cosaliency/MSRC/groundtruth/1/5_29_s.bmp
/home/timplex/dataset/cosaliency/MSRC/images/7/7_24_s.bmp /home/timplex/dataset/cosaliency/MSRC/groundtruth/7/7_24_s.bmp
/home/timplex/dataset/cosaliency/MSRC/images/3/3_20_s.bmp /home/timplex/dataset/cosaliency/MSRC/groundtruth/3/3_20_s.bmp
/home/timplex/dataset/cosaliency/MSRC/images/6/8_5_s.bmp /home/timplex/dataset/cosaliency/MSRC/groundtruth/6/8_5_s.bmp
/home/timplex/dataset/cosaliency/MSRC/images/6/8_4_s.bmp /home/timplex/dataset/cosaliency/MSRC/groundtruth/6/8_4_s.bmp
/home/timplex/dataset/cosaliency/MSRC/images/6/8_1_s.bmp /home/timplex/dataset/cosaliency/MSRC/groundtruth/6/8_1_s.bmp
/home/timplex/dataset/cosaliency/MSRC/images/7/7_1_s.bmp /home/timplex/dataset/cosaliency/MSRC/groundtruth/7/7_1_s.bmp
/home/timplex/dataset/cosaliency/MSRC/images/4/4_22_s.bmp /home/timplex/dataset/cosaliency/MSRC/groundtruth/4/4_22_s.bmp
/home/timplex/dataset/cosaliency/MSRC/images/1/5_23_s.bmp /home/timplex/dataset/cosaliency/MSRC/groundtruth/1/5_23_s.bmp
/home/timplex/dataset/cosaliency/MSRC/images/1/5_3_s.bmp /home/timplex/dataset/cosaliency/MSRC/groundtruth/1/5_3_s.bmp
/home/timplex/dataset/cosaliency/MSRC/images/1/5_14_s.bmp /home/timplex/dataset/cosaliency/MSRC/groundtruth/1/5_14_s.bmp
/home/timplex/dataset/cosaliency/MSRC/images/4/4_30_s.bmp /home/timplex/dataset/cosaliency/MSRC/groundtruth/4/4_30_s.bmp
/home/timplex/dataset/cosaliency/MSRC/images/2/2_15_s.bmp /home/timplex/dataset/cosaliency/MSRC/groundtruth/2/2_15_s.bmp
/home/timplex/dataset/cosaliency/MSRC/images/7/7_18_s.bmp /home/timplex/dataset/cosaliency/MSRC/groundtruth/7/7_18_s.bmp
/home/timplex/dataset/cosaliency/MSRC/images/1/1_25_s.bmp /home/timplex/dataset/cosaliency/MSRC/groundtruth/1/1_25_s.bmp
/home/timplex/dataset/cosaliency/MSRC/images/2/2_23_s.bmp /home/timplex/dataset/cosaliency/MSRC/groundtruth/2/2_23_s.bmp
/home/timplex/dataset/cosaliency/MSRC/images/5/6_27_s.bmp /home/timplex/dataset/cosaliency/MSRC/groundtruth/5/6_27_s.bmp
/home/timplex/dataset/cosaliency/MSRC/images/4/4_8_s.bmp /home/timplex/dataset/cosaliency/MSRC/groundtruth/4/4_8_s.bmp
/home/timplex/dataset/cosaliency/MSRC/images/6/8_20_s.bmp /home/timplex/dataset/cosaliency/MSRC/groundtruth/6/8_20_s.bmp
/home/timplex/dataset/cosaliency/MSRC/images/6/8_11_s.bmp /home/timplex/dataset/cosaliency/MSRC/groundtruth/6/8_11_s.bmp
/home/timplex/dataset/cosaliency/MSRC/images/7/7_5_s.bmp /home/timplex/dataset/cosaliency/MSRC/groundtruth/7/7_5_s.bmp
/home/timplex/dataset/cosaliency/MSRC/images/2/2_29_s.bmp /home/timplex/dataset/cosaliency/MSRC/groundtruth/2/2_29_s.bmp
/home/timplex/dataset/cosaliency/MSRC/images/5/6_29_s.bmp /home/timplex/dataset/cosaliency/MSRC/groundtruth/5/6_29_s.bmp
/home/timplex/dataset/cosaliency/MSRC/images/1/5_20_s.bmp /home/timplex/dataset/cosaliency/MSRC/groundtruth/1/5_20_s.bmp
/home/timplex/dataset/cosaliency/MSRC/images/3/3_8_s.bmp /home/timplex/dataset/cosaliency/MSRC/groundtruth/3/3_8_s.bmp
/home/timplex/dataset/cosaliency/MSRC/images/2/2_16_s.bmp /home/timplex/dataset/cosaliency/MSRC/groundtruth/2/2_16_s.bmp
/home/timplex/dataset/cosaliency/MSRC/images/5/6_19_s.bmp /home/timplex/dataset/cosaliency/MSRC/groundtruth/5/6_19_s.bmp
/home/timplex/dataset/cosaliency/MSRC/images/7/7_2_s.bmp /home/timplex/dataset/cosaliency/MSRC/groundtruth/7/7_2_s.bmp
/home/timplex/dataset/cosaliency/MSRC/images/1/5_27_s.bmp /home/timplex/dataset/cosaliency/MSRC/groundtruth/1/5_27_s.bmp
/home/timplex/dataset/cosaliency/MSRC/images/7/7_29_s.bmp /home/timplex/dataset/cosaliency/MSRC/groundtruth/7/7_29_s.bmp
/home/timplex/dataset/cosaliency/MSRC/images/1/5_12_s.bmp /home/timplex/dataset/cosaliency/MSRC/groundtruth/1/5_12_s.bmp
/home/timplex/dataset/cosaliency/MSRC/images/7/7_19_s.bmp /home/timplex/dataset/cosaliency/MSRC/groundtruth/7/7_19_s.bmp
/home/timplex/dataset/cosaliency/MSRC/images/6/8_27_s.bmp /home/timplex/dataset/cosaliency/MSRC/groundtruth/6/8_27_s.bmp
/home/timplex/dataset/cosaliency/MSRC/images/1/1_17_s.bmp /home/timplex/dataset/cosaliency/MSRC/groundtruth/1/1_17_s.bmp
/home/timplex/dataset/cosaliency/MSRC/images/5/6_21_s.bmp /home/timplex/dataset/cosaliency/MSRC/groundtruth/5/6_21_s.bmp
/home/timplex/dataset/cosaliency/MSRC/images/4/4_15_s.bmp /home/timplex/dataset/cosaliency/MSRC/groundtruth/4/4_15_s.bmp
/home/timplex/dataset/cosaliency/MSRC/images/4/4_20_s.bmp /home/timplex/dataset/cosaliency/MSRC/groundtruth/4/4_20_s.bmp
/home/timplex/dataset/cosaliency/MSRC/images/3/3_17_s.bmp /home/timplex/dataset/cosaliency/MSRC/groundtruth/3/3_17_s.bmp
/home/timplex/dataset/cosaliency/MSRC/images/3/3_7_s.bmp /home/timplex/dataset/cosaliency/MSRC/groundtruth/3/3_7_s.bmp
/home/timplex/dataset/cosaliency/MSRC/images/4/4_16_s.bmp /home/timplex/dataset/cosaliency/MSRC/groundtruth/4/4_16_s.bmp
/home/timplex/dataset/cosaliency/MSRC/images/6/8_21_s.bmp /home/timplex/dataset/cosaliency/MSRC/groundtruth/6/8_21_s.bmp
/home/timplex/dataset/cosaliency/MSRC/images/6/8_6_s.bmp /home/timplex/dataset/cosaliency/MSRC/groundtruth/6/8_6_s.bmp
/home/timplex/dataset/cosaliency/MSRC/images/5/6_8_s.bmp /home/timplex/dataset/cosaliency/MSRC/groundtruth/5/6_8_s.bmp
/home/timplex/dataset/cosaliency/MSRC/images/5/6_18_s.bmp /home/timplex/dataset/cosaliency/MSRC/groundtruth/5/6_18_s.bmp
/home/timplex/dataset/cosaliency/MSRC/images/5/6_6_s.bmp /home/timplex/dataset/cosaliency/MSRC/groundtruth/5/6_6_s.bmp
/home/timplex/dataset/cosaliency/MSRC/images/2/2_26_s.bmp /home/timplex/dataset/cosaliency/MSRC/groundtruth/2/2_26_s.bmp
/home/timplex/dataset/cosaliency/MSRC/images/2/2_6_s.bmp /home/timplex/dataset/cosaliency/MSRC/groundtruth/2/2_6_s.bmp
/home/timplex/dataset/cosaliency/MSRC/images/3/3_29_s.bmp /home/timplex/dataset/cosaliency/MSRC/groundtruth/3/3_29_s.bmp
/home/timplex/dataset/cosaliency/MSRC/images/1/5_19_s.bmp /home/timplex/dataset/cosaliency/MSRC/groundtruth/1/5_19_s.bmp
/home/timplex/dataset/cosaliency/MSRC/images/1/5_28_s.bmp /home/timplex/dataset/cosaliency/MSRC/groundtruth/1/5_28_s.bmp
/home/timplex/dataset/cosaliency/MSRC/images/6/8_29_s.bmp /home/timplex/dataset/cosaliency/MSRC/groundtruth/6/8_29_s.bmp
/home/timplex/dataset/cosaliency/MSRC/images/5/6_15_s.bmp /home/timplex/dataset/cosaliency/MSRC/groundtruth/5/6_15_s.bmp
/home/timplex/dataset/cosaliency/MSRC/images/1/1_26_s.bmp /home/timplex/dataset/cosaliency/MSRC/groundtruth/1/1_26_s.bmp
/home/timplex/dataset/cosaliency/MSRC/images/4/4_19_s.bmp /home/timplex/dataset/cosaliency/MSRC/groundtruth/4/4_19_s.bmp
/home/timplex/dataset/cosaliency/MSRC/images/7/7_17_s.bmp /home/timplex/dataset/cosaliency/MSRC/groundtruth/7/7_17_s.bmp
/home/timplex/dataset/cosaliency/MSRC/images/1/1_20_s.bmp /home/timplex/dataset/cosaliency/MSRC/groundtruth/1/1_20_s.bmp
/home/timplex/dataset/cosaliency/MSRC/images/7/7_30_s.bmp /home/timplex/dataset/cosaliency/MSRC/groundtruth/7/7_30_s.bmp
/home/timplex/dataset/cosaliency/MSRC/images/1/5_10_s.bmp /home/timplex/dataset/cosaliency/MSRC/groundtruth/1/5_10_s.bmp
/home/timplex/dataset/cosaliency/MSRC/images/1/5_25_s.bmp /home/timplex/dataset/cosaliency/MSRC/groundtruth/1/5_25_s.bmp
/home/timplex/dataset/cosaliency/MSRC/images/3/3_2_s.bmp /home/timplex/dataset/cosaliency/MSRC/groundtruth/3/3_2_s.bmp
/home/timplex/dataset/cosaliency/MSRC/images/4/4_1_s.bmp /home/timplex/dataset/cosaliency/MSRC/groundtruth/4/4_1_s.bmp
/home/timplex/dataset/cosaliency/MSRC/images/3/3_27_s.bmp /home/timplex/dataset/cosaliency/MSRC/groundtruth/3/3_27_s.bmp
/home/timplex/dataset/cosaliency/MSRC/images/3/3_12_s.bmp /home/timplex/dataset/cosaliency/MSRC/groundtruth/3/3_12_s.bmp
/home/timplex/dataset/cosaliency/MSRC/images/2/2_4_s.bmp /home/timplex/dataset/cosaliency/MSRC/groundtruth/2/2_4_s.bmp
/home/timplex/dataset/cosaliency/MSRC/images/1/1_10_s.bmp /home/timplex/dataset/cosaliency/MSRC/groundtruth/1/1_10_s.bmp
/home/timplex/dataset/cosaliency/MSRC/images/7/7_15_s.bmp /home/timplex/dataset/cosaliency/MSRC/groundtruth/7/7_15_s.bmp
/home/timplex/dataset/cosaliency/MSRC/images/2/2_5_s.bmp /home/timplex/dataset/cosaliency/MSRC/groundtruth/2/2_5_s.bmp
/home/timplex/dataset/cosaliency/MSRC/images/3/3_14_s.bmp /home/timplex/dataset/cosaliency/MSRC/groundtruth/3/3_14_s.bmp
/home/timplex/dataset/cosaliency/MSRC/images/5/6_14_s.bmp /home/timplex/dataset/cosaliency/MSRC/groundtruth/5/6_14_s.bmp
