/home/timplex/dataset/cosaliency/MSRC/images/4/4_17_s.bmp /home/timplex/dataset/cosaliency/MSRC/groundtruth/4/4_17_s.bmp
/home/timplex/dataset/cosaliency/MSRC/images/6/8_12_s.bmp /home/timplex/dataset/cosaliency/MSRC/groundtruth/6/8_12_s.bmp
/home/timplex/dataset/cosaliency/MSRC/images/3/3_25_s.bmp /home/timplex/dataset/cosaliency/MSRC/groundtruth/3/3_25_s.bmp
/home/timplex/dataset/cosaliency/MSRC/images/5/6_23_s.bmp /home/timplex/dataset/cosaliency/MSRC/groundtruth/5/6_23_s.bmp
/home/timplex/dataset/cosaliency/MSRC/images/2/2_3_s.bmp /home/timplex/dataset/cosaliency/MSRC/groundtruth/2/2_3_s.bmp
/home/timplex/dataset/cosaliency/MSRC/images/1/5_7_s.bmp /home/timplex/dataset/cosaliency/MSRC/groundtruth/1/5_7_s.bmp
/home/timplex/dataset/cosaliency/MSRC/images/4/4_26_s.bmp /home/timplex/dataset/cosaliency/MSRC/groundtruth/4/4_26_s.bmp
/home/timplex/dataset/cosaliency/MSRC/images/2/2_27_s.bmp /home/timplex/dataset/cosaliency/MSRC/groundtruth/2/2_27_s.bmp
/home/timplex/dataset/cosaliency/MSRC/images/1/1_16_s.bmp /home/timplex/dataset/cosaliency/MSRC/groundtruth/1/1_16_s.bmp
/home/timplex/dataset/cosaliency/MSRC/images/7/7_14_s.bmp /home/timplex/dataset/cosaliency/MSRC/groundtruth/7/7_14_s.bmp
/home/timplex/dataset/cosaliency/MSRC/images/3/3_26_s.bmp /home/timplex/dataset/cosaliency/MSRC/groundtruth/3/3_26_s.bmp
/home/timplex/dataset/cosaliency/MSRC/images/6/8_8_s.bmp /home/timplex/dataset/cosaliency/MSRC/groundtruth/6/8_8_s.bmp
/home/timplex/dataset/cosaliency/MSRC/images/6/8_13_s.bmp /home/timplex/dataset/cosaliency/MSRC/groundtruth/6/8_13_s.bmp
/home/timplex/dataset/cosaliency/MSRC/images/6/8_18_s.bmp /home/timplex/dataset/cosaliency/MSRC/groundtruth/6/8_18_s.bmp
/home/timplex/dataset/cosaliency/MSRC/images/7/7_6_s.bmp /home/timplex/dataset/cosaliency/MSRC/groundtruth/7/7_6_s.bmp
/home/timplex/dataset/cosaliency/MSRC/images/4/4_18_s.bmp /home/timplex/dataset/cosaliency/MSRC/groundtruth/4/4_18_s.bmp
/home/timplex/dataset/cosaliency/MSRC/images/1/1_18_s.bmp /home/timplex/dataset/cosaliency/MSRC/groundtruth/1/1_18_s.bmp
/home/timplex/dataset/cosaliency/MSRC/images/1/1_28_s.bmp /home/timplex/dataset/cosaliency/MSRC/groundtruth/1/1_28_s.bmp
/home/timplex/dataset/cosaliency/MSRC/images/1/5_18_s.bmp /home/timplex/dataset/cosaliency/MSRC/groundtruth/1/5_18_s.bmp
/home/timplex/dataset/cosaliency/MSRC/images/4/4_23_s.bmp /home/timplex/dataset/cosaliency/MSRC/groundtruth/4/4_23_s.bmp
/home/timplex/dataset/cosaliency/MSRC/images/2/2_7_s.bmp /home/timplex/dataset/cosaliency/MSRC/groundtruth/2/2_7_s.bmp
/home/timplex/dataset/cosaliency/MSRC/images/7/7_27_s.bmp /home/timplex/dataset/cosaliency/MSRC/groundtruth/7/7_27_s.bmp
/home/timplex/dataset/cosaliency/MSRC/images/1/5_6_s.bmp /home/timplex/dataset/cosaliency/MSRC/groundtruth/1/5_6_s.bmp
/home/timplex/dataset/cosaliency/MSRC/images/2/2_9_s.bmp /home/timplex/dataset/cosaliency/MSRC/groundtruth/2/2_9_s.bmp
/home/timplex/dataset/cosaliency/MSRC/images/5/6_4_s.bmp /home/timplex/dataset/cosaliency/MSRC/groundtruth/5/6_4_s.bmp
/home/timplex/dataset/cosaliency/MSRC/images/4/4_21_s.bmp /home/timplex/dataset/cosaliency/MSRC/groundtruth/4/4_21_s.bmp
/home/timplex/dataset/cosaliency/MSRC/images/6/8_25_s.bmp /home/timplex/dataset/cosaliency/MSRC/groundtruth/6/8_25_s.bmp
/home/timplex/dataset/cosaliency/MSRC/images/6/8_10_s.bmp /home/timplex/dataset/cosaliency/MSRC/groundtruth/6/8_10_s.bmp
/home/timplex/dataset/cosaliency/MSRC/images/7/7_20_s.bmp /home/timplex/dataset/cosaliency/MSRC/groundtruth/7/7_20_s.bmp
/home/timplex/dataset/cosaliency/MSRC/images/2/2_14_s.bmp /home/timplex/dataset/cosaliency/MSRC/groundtruth/2/2_14_s.bmp
/home/timplex/dataset/cosaliency/MSRC/images/5/6_16_s.bmp /home/timplex/dataset/cosaliency/MSRC/groundtruth/5/6_16_s.bmp
/home/timplex/dataset/cosaliency/MSRC/images/1/5_17_s.bmp /home/timplex/dataset/cosaliency/MSRC/groundtruth/1/5_17_s.bmp
/home/timplex/dataset/cosaliency/MSRC/images/3/3_11_s.bmp /home/timplex/dataset/cosaliency/MSRC/groundtruth/3/3_11_s.bmp
/home/timplex/dataset/cosaliency/MSRC/images/2/2_1_s.bmp /home/timplex/dataset/cosaliency/MSRC/groundtruth/2/2_1_s.bmp
/home/timplex/dataset/cosaliency/MSRC/images/5/6_22_s.bmp /home/timplex/dataset/cosaliency/MSRC/groundtruth/5/6_22_s.bmp
/home/timplex/dataset/cosaliency/MSRC/images/7/7_25_s.bmp /home/timplex/dataset/cosaliency/MSRC/groundtruth/7/7_25_s.bmp
/home/timplex/dataset/cosaliency/MSRC/images/1/5_4_s.bmp /home/timplex/dataset/cosaliency/MSRC/groundtruth/1/5_4_s.bmp
/home/timplex/dataset/cosaliency/MSRC/images/7/7_11_s.bmp /home/timplex/dataset/cosaliency/MSRC/groundtruth/7/7_11_s.bmp
/home/timplex/dataset/cosaliency/MSRC/images/1/5_15_s.bmp /home/timplex/dataset/cosaliency/MSRC/groundtruth/1/5_15_s.bmp
/home/timplex/dataset/cosaliency/MSRC/images/7/7_21_s.bmp /home/timplex/dataset/cosaliency/MSRC/groundtruth/7/7_21_s.bmp
/home/timplex/dataset/cosaliency/MSRC/images/6/8_17_s.bmp /home/timplex/dataset/cosaliency/MSRC/groundtruth/6/8_17_s.bmp
/home/timplex/dataset/cosaliency/MSRC/images/1/1_15_s.bmp /home/timplex/dataset/cosaliency/MSRC/groundtruth/1/1_15_s.bmp
/home/timplex/dataset/cosaliency/MSRC/images/5/6_2_s.bmp /home/timplex/dataset/cosaliency/MSRC/groundtruth/5/6_2_s.bmp
/home/timplex/dataset/cosaliency/MSRC/images/4/4_10_s.bmp /home/timplex/dataset/cosaliency/MSRC/groundtruth/4/4_10_s.bmp
/home/timplex/dataset/cosaliency/MSRC/images/4/4_29_s.bmp /home/timplex/dataset/cosaliency/MSRC/groundtruth/4/4_29_s.bmp
/home/timplex/dataset/cosaliency/MSRC/images/3/3_24_s.bmp /home/timplex/dataset/cosaliency/MSRC/groundtruth/3/3_24_s.bmp
/home/timplex/dataset/cosaliency/MSRC/images/3/3_1_s.bmp /home/timplex/dataset/cosaliency/MSRC/groundtruth/3/3_1_s.bmp
/home/timplex/dataset/cosaliency/MSRC/images/4/4_14_s.bmp /home/timplex/dataset/cosaliency/MSRC/groundtruth/4/4_14_s.bmp
/home/timplex/dataset/cosaliency/MSRC/images/6/8_7_s.bmp /home/timplex/dataset/cosaliency/MSRC/groundtruth/6/8_7_s.bmp
/home/timplex/dataset/cosaliency/MSRC/images/6/8_9_s.bmp /home/timplex/dataset/cosaliency/MSRC/groundtruth/6/8_9_s.bmp
/home/timplex/dataset/cosaliency/MSRC/images/5/6_30_s.bmp /home/timplex/dataset/cosaliency/MSRC/groundtruth/5/6_30_s.bmp
/home/timplex/dataset/cosaliency/MSRC/images/5/6_7_s.bmp /home/timplex/dataset/cosaliency/MSRC/groundtruth/5/6_7_s.bmp
/home/timplex/dataset/cosaliency/MSRC/images/5/6_25_s.bmp /home/timplex/dataset/cosaliency/MSRC/groundtruth/5/6_25_s.bmp
/home/timplex/dataset/cosaliency/MSRC/images/2/2_17_s.bmp /home/timplex/dataset/cosaliency/MSRC/groundtruth/2/2_17_s.bmp
/home/timplex/dataset/cosaliency/MSRC/images/2/2_11_s.bmp /home/timplex/dataset/cosaliency/MSRC/groundtruth/2/2_11_s.bmp
/home/timplex/dataset/cosaliency/MSRC/images/3/3_23_s.bmp /home/timplex/dataset/cosaliency/MSRC/groundtruth/3/3_23_s.bmp
/home/timplex/dataset/cosaliency/MSRC/images/1/5_21_s.bmp /home/timplex/dataset/cosaliency/MSRC/groundtruth/1/5_21_s.bmp
/home/timplex/dataset/cosaliency/MSRC/images/1/5_8_s.bmp /home/timplex/dataset/cosaliency/MSRC/groundtruth/1/5_8_s.bmp
/home/timplex/dataset/cosaliency/MSRC/images/6/8_30_s.bmp /home/timplex/dataset/cosaliency/MSRC/groundtruth/6/8_30_s.bmp
/home/timplex/dataset/cosaliency/MSRC/images/5/6_9_s.bmp /home/timplex/dataset/cosaliency/MSRC/groundtruth/5/6_9_s.bmp
/home/timplex/dataset/cosaliency/MSRC/images/1/1_11_s.bmp /home/timplex/dataset/cosaliency/MSRC/groundtruth/1/1_11_s.bmp
/home/timplex/dataset/cosaliency/MSRC/images/4/4_9_s.bmp /home/timplex/dataset/cosaliency/MSRC/groundtruth/4/4_9_s.bmp
/home/timplex/dataset/cosaliency/MSRC/images/7/7_28_s.bmp /home/timplex/dataset/cosaliency/MSRC/groundtruth/7/7_28_s.bmp
/home/timplex/dataset/cosaliency/MSRC/images/1/1_21_s.bmp /home/timplex/dataset/cosaliency/MSRC/groundtruth/1/1_21_s.bmp
/home/timplex/dataset/cosaliency/MSRC/images/7/7_23_s.bmp /home/timplex/dataset/cosaliency/MSRC/groundtruth/7/7_23_s.bmp
/home/timplex/dataset/cosaliency/MSRC/images/1/1_30_s.bmp /home/timplex/dataset/cosaliency/MSRC/groundtruth/1/1_30_s.bmp
/home/timplex/dataset/cosaliency/MSRC/images/1/1_12_s.bmp /home/timplex/dataset/cosaliency/MSRC/groundtruth/1/1_12_s.bmp
/home/timplex/dataset/cosaliency/MSRC/images/3/3_10_s.bmp /home/timplex/dataset/cosaliency/MSRC/groundtruth/3/3_10_s.bmp
/home/timplex/dataset/cosaliency/MSRC/images/4/4_25_s.bmp /home/timplex/dataset/cosaliency/MSRC/groundtruth/4/4_25_s.bmp
/home/timplex/dataset/cosaliency/MSRC/images/3/3_18_s.bmp /home/timplex/dataset/cosaliency/MSRC/groundtruth/3/3_18_s.bmp
/home/timplex/dataset/cosaliency/MSRC/images/3/3_19_s.bmp /home/timplex/dataset/cosaliency/MSRC/groundtruth/3/3_19_s.bmp
/home/timplex/dataset/cosaliency/MSRC/images/2/2_18_s.bmp /home/timplex/dataset/cosaliency/MSRC/groundtruth/2/2_18_s.bmp
/home/timplex/dataset/cosaliency/MSRC/images/1/1_27_s.bmp /home/timplex/dataset/cosaliency/MSRC/groundtruth/1/1_27_s.bmp
/home/timplex/dataset/cosaliency/MSRC/images/7/7_13_s.bmp /home/timplex/dataset/cosaliency/MSRC/groundtruth/7/7_13_s.bmp
/home/timplex/dataset/cosaliency/MSRC/images/2/2_25_s.bmp /home/timplex/dataset/cosaliency/MSRC/groundtruth/2/2_25_s.bmp
/home/timplex/dataset/cosaliency/MSRC/images/3/3_15_s.bmp /home/timplex/dataset/cosaliency/MSRC/groundtruth/3/3_15_s.bmp
/home/timplex/dataset/cosaliency/MSRC/images/5/6_3_s.bmp /home/timplex/dataset/cosaliency/MSRC/groundtruth/5/6_3_s.bmp
