/home/timplex/dataset/cosaliency/MSRC/images/4/4_5_s.bmp /home/timplex/dataset/cosaliency/MSRC/groundtruth/4/4_5_s.bmp
/home/timplex/dataset/cosaliency/MSRC/images/6/8_28_s.bmp /home/timplex/dataset/cosaliency/MSRC/groundtruth/6/8_28_s.bmp
/home/timplex/dataset/cosaliency/MSRC/images/3/3_28_s.bmp /home/timplex/dataset/cosaliency/MSRC/groundtruth/3/3_28_s.bmp
/home/timplex/dataset/cosaliency/MSRC/images/5/6_26_s.bmp /home/timplex/dataset/cosaliency/MSRC/groundtruth/5/6_26_s.bmp
/home/timplex/dataset/cosaliency/MSRC/images/2/2_24_s.bmp /home/timplex/dataset/cosaliency/MSRC/groundtruth/2/2_24_s.bmp
/home/timplex/dataset/cosaliency/MSRC/images/1/5_22_s.bmp /home/timplex/dataset/cosaliency/MSRC/groundtruth/1/5_22_s.bmp
/home/timplex/dataset/cosaliency/MSRC/images/4/4_6_s.bmp /home/timplex/dataset/cosaliency/MSRC/groundtruth/4/4_6_s.bmp
/home/timplex/dataset/cosaliency/MSRC/images/2/2_21_s.bmp /home/timplex/dataset/cosaliency/MSRC/groundtruth/2/2_21_s.bmp
/home/timplex/dataset/cosaliency/MSRC/images/1/5_24_s.bmp /home/timplex/dataset/cosaliency/MSRC/groundtruth/1/5_24_s.bmp
/home/timplex/dataset/cosaliency/MSRC/images/7/7_26_s.bmp /home/timplex/dataset/cosaliency/MSRC/groundtruth/7/7_26_s.bmp
/home/timplex/dataset/cosaliency/MSRC/images/3/3_9_s.bmp /home/timplex/dataset/cosaliency/MSRC/groundtruth/3/3_9_s.bmp
/home/timplex/dataset/cosaliency/MSRC/images/6/8_24_s.bmp /home/timplex/dataset/cosaliency/MSRC/groundtruth/6/8_24_s.bmp
/home/timplex/dataset/cosaliency/MSRC/images/6/8_26_s.bmp /home/timplex/dataset/cosaliency/MSRC/groundtruth/6/8_26_s.bmp
/home/timplex/dataset/cosaliency/MSRC/images/6/8_2_s.bmp /home/timplex/dataset/cosaliency/MSRC/groundtruth/6/8_2_s.bmp
/home/timplex/dataset/cosaliency/MSRC/images/7/7_7_s.bmp /home/timplex/dataset/cosaliency/MSRC/groundtruth/7/7_7_s.bmp
/home/timplex/dataset/cosaliency/MSRC/images/4/4_28_s.bmp /home/timplex/dataset/cosaliency/MSRC/groundtruth/4/4_28_s.bmp
/home/timplex/dataset/cosaliency/MSRC/images/1/1_8_s.bmp /home/timplex/dataset/cosaliency/MSRC/groundtruth/1/1_8_s.bmp
/home/timplex/dataset/cosaliency/MSRC/images/1/1_13_s.bmp /home/timplex/dataset/cosaliency/MSRC/groundtruth/1/1_13_s.bmp
/home/timplex/dataset/cosaliency/MSRC/images/1/5_13_s.bmp /home/timplex/dataset/cosaliency/MSRC/groundtruth/1/5_13_s.bmp
/home/timplex/dataset/cosaliency/MSRC/images/4/4_2_s.bmp /home/timplex/dataset/cosaliency/MSRC/groundtruth/4/4_2_s.bmp
/home/timplex/dataset/cosaliency/MSRC/images/2/2_30_s.bmp /home/timplex/dataset/cosaliency/MSRC/groundtruth/2/2_30_s.bmp
/home/timplex/dataset/cosaliency/MSRC/images/7/7_9_s.bmp /home/timplex/dataset/cosaliency/MSRC/groundtruth/7/7_9_s.bmp
/home/timplex/dataset/cosaliency/MSRC/images/1/1_22_s.bmp /home/timplex/dataset/cosaliency/MSRC/groundtruth/1/1_22_s.bmp
/home/timplex/dataset/cosaliency/MSRC/images/2/2_20_s.bmp /home/timplex/dataset/cosaliency/MSRC/groundtruth/2/2_20_s.bmp
/home/timplex/dataset/cosaliency/MSRC/images/5/6_28_s.bmp /home/timplex/dataset/cosaliency/MSRC/groundtruth/5/6_28_s.bmp
/home/timplex/dataset/cosaliency/MSRC/images/4/4_11_s.bmp /home/timplex/dataset/cosaliency/MSRC/groundtruth/4/4_11_s.bmp
/home/timplex/dataset/cosaliency/MSRC/images/6/8_15_s.bmp /home/timplex/dataset/cosaliency/MSRC/groundtruth/6/8_15_s.bmp
/home/timplex/dataset/cosaliency/MSRC/images/6/8_22_s.bmp /home/timplex/dataset/cosaliency/MSRC/groundtruth/6/8_22_s.bmp
/home/timplex/dataset/cosaliency/MSRC/images/7/7_10_s.bmp /home/timplex/dataset/cosaliency/MSRC/groundtruth/7/7_10_s.bmp
/home/timplex/dataset/cosaliency/MSRC/images/2/2_28_s.bmp /home/timplex/dataset/cosaliency/MSRC/groundtruth/2/2_28_s.bmp
/home/timplex/dataset/cosaliency/MSRC/images/5/6_13_s.bmp /home/timplex/dataset/cosaliency/MSRC/groundtruth/5/6_13_s.bmp
/home/timplex/dataset/cosaliency/MSRC/images/1/1_14_s.bmp /home/timplex/dataset/cosaliency/MSRC/groundtruth/1/1_14_s.bmp
/home/timplex/dataset/cosaliency/MSRC/images/3/3_21_s.bmp /home/timplex/dataset/cosaliency/MSRC/groundtruth/3/3_21_s.bmp
/home/timplex/dataset/cosaliency/MSRC/images/2/2_12_s.bmp /home/timplex/dataset/cosaliency/MSRC/groundtruth/2/2_12_s.bmp
/home/timplex/dataset/cosaliency/MSRC/images/5/6_5_s.bmp /home/timplex/dataset/cosaliency/MSRC/groundtruth/5/6_5_s.bmp
/home/timplex/dataset/cosaliency/MSRC/images/7/7_8_s.bmp /home/timplex/dataset/cosaliency/MSRC/groundtruth/7/7_8_s.bmp
/home/timplex/dataset/cosaliency/MSRC/images/1/1_29_s.bmp /home/timplex/dataset/cosaliency/MSRC/groundtruth/1/1_29_s.bmp
/home/timplex/dataset/cosaliency/MSRC/images/7/7_12_s.bmp /home/timplex/dataset/cosaliency/MSRC/groundtruth/7/7_12_s.bmp
/home/timplex/dataset/cosaliency/MSRC/images/1/5_26_s.bmp /home/timplex/dataset/cosaliency/MSRC/groundtruth/1/5_26_s.bmp
/home/timplex/dataset/cosaliency/MSRC/images/7/7_3_s.bmp /home/timplex/dataset/cosaliency/MSRC/groundtruth/7/7_3_s.bmp
/home/timplex/dataset/cosaliency/MSRC/images/6/8_23_s.bmp /home/timplex/dataset/cosaliency/MSRC/groundtruth/6/8_23_s.bmp
/home/timplex/dataset/cosaliency/MSRC/images/1/1_19_s.bmp /home/timplex/dataset/cosaliency/MSRC/groundtruth/1/1_19_s.bmp
/home/timplex/dataset/cosaliency/MSRC/images/5/6_17_s.bmp /home/timplex/dataset/cosaliency/MSRC/groundtruth/5/6_17_s.bmp
/home/timplex/dataset/cosaliency/MSRC/images/4/4_3_s.bmp /home/timplex/dataset/cosaliency/MSRC/groundtruth/4/4_3_s.bmp
/home/timplex/dataset/cosaliency/MSRC/images/4/4_13_s.bmp /home/timplex/dataset/cosaliency/MSRC/groundtruth/4/4_13_s.bmp
/home/timplex/dataset/cosaliency/MSRC/images/3/3_13_s.bmp /home/timplex/dataset/cosaliency/MSRC/groundtruth/3/3_13_s.bmp
/home/timplex/dataset/cosaliency/MSRC/images/3/3_22_s.bmp /home/timplex/dataset/cosaliency/MSRC/groundtruth/3/3_22_s.bmp
/home/timplex/dataset/cosaliency/MSRC/images/4/4_12_s.bmp /home/timplex/dataset/cosaliency/MSRC/groundtruth/4/4_12_s.bmp
/home/timplex/dataset/cosaliency/MSRC/images/6/8_3_s.bmp /home/timplex/dataset/cosaliency/MSRC/groundtruth/6/8_3_s.bmp
/home/timplex/dataset/cosaliency/MSRC/images/6/8_19_s.bmp /home/timplex/dataset/cosaliency/MSRC/groundtruth/6/8_19_s.bmp
/home/timplex/dataset/cosaliency/MSRC/images/5/6_20_s.bmp /home/timplex/dataset/cosaliency/MSRC/groundtruth/5/6_20_s.bmp
/home/timplex/dataset/cosaliency/MSRC/images/5/6_12_s.bmp /home/timplex/dataset/cosaliency/MSRC/groundtruth/5/6_12_s.bmp
/home/timplex/dataset/cosaliency/MSRC/images/5/6_24_s.bmp /home/timplex/dataset/cosaliency/MSRC/groundtruth/5/6_24_s.bmp
/home/timplex/dataset/cosaliency/MSRC/images/2/2_22_s.bmp /home/timplex/dataset/cosaliency/MSRC/groundtruth/2/2_22_s.bmp
/home/timplex/dataset/cosaliency/MSRC/images/2/2_2_s.bmp /home/timplex/dataset/cosaliency/MSRC/groundtruth/2/2_2_s.bmp
/home/timplex/dataset/cosaliency/MSRC/images/3/3_5_s.bmp /home/timplex/dataset/cosaliency/MSRC/groundtruth/3/3_5_s.bmp
/home/timplex/dataset/cosaliency/MSRC/images/1/5_5_s.bmp /home/timplex/dataset/cosaliency/MSRC/groundtruth/1/5_5_s.bmp
/home/timplex/dataset/cosaliency/MSRC/images/1/5_16_s.bmp /home/timplex/dataset/cosaliency/MSRC/groundtruth/1/5_16_s.bmp
/home/timplex/dataset/cosaliency/MSRC/images/6/8_14_s.bmp /home/timplex/dataset/cosaliency/MSRC/groundtruth/6/8_14_s.bmp
/home/timplex/dataset/cosaliency/MSRC/images/5/6_10_s.bmp /home/timplex/dataset/cosaliency/MSRC/groundtruth/5/6_10_s.bmp
/home/timplex/dataset/cosaliency/MSRC/images/1/5_1_s.bmp /home/timplex/dataset/cosaliency/MSRC/groundtruth/1/5_1_s.bmp
/home/timplex/dataset/cosaliency/MSRC/images/4/4_24_s.bmp /home/timplex/dataset/cosaliency/MSRC/groundtruth/4/4_24_s.bmp
/home/timplex/dataset/cosaliency/MSRC/images/7/7_22_s.bmp /home/timplex/dataset/cosaliency/MSRC/groundtruth/7/7_22_s.bmp
/home/timplex/dataset/cosaliency/MSRC/images/1/5_30_s.bmp /home/timplex/dataset/cosaliency/MSRC/groundtruth/1/5_30_s.bmp
/home/timplex/dataset/cosaliency/MSRC/images/7/7_16_s.bmp /home/timplex/dataset/cosaliency/MSRC/groundtruth/7/7_16_s.bmp
/home/timplex/dataset/cosaliency/MSRC/images/1/5_2_s.bmp /home/timplex/dataset/cosaliency/MSRC/groundtruth/1/5_2_s.bmp
/home/timplex/dataset/cosaliency/MSRC/images/1/1_23_s.bmp /home/timplex/dataset/cosaliency/MSRC/groundtruth/1/1_23_s.bmp
/home/timplex/dataset/cosaliency/MSRC/images/3/3_4_s.bmp /home/timplex/dataset/cosaliency/MSRC/groundtruth/3/3_4_s.bmp
/home/timplex/dataset/cosaliency/MSRC/images/4/4_27_s.bmp /home/timplex/dataset/cosaliency/MSRC/groundtruth/4/4_27_s.bmp
/home/timplex/dataset/cosaliency/MSRC/images/3/3_3_s.bmp /home/timplex/dataset/cosaliency/MSRC/groundtruth/3/3_3_s.bmp
/home/timplex/dataset/cosaliency/MSRC/images/3/3_30_s.bmp /home/timplex/dataset/cosaliency/MSRC/groundtruth/3/3_30_s.bmp
/home/timplex/dataset/cosaliency/MSRC/images/2/2_13_s.bmp /home/timplex/dataset/cosaliency/MSRC/groundtruth/2/2_13_s.bmp
/home/timplex/dataset/cosaliency/MSRC/images/1/5_9_s.bmp /home/timplex/dataset/cosaliency/MSRC/groundtruth/1/5_9_s.bmp
/home/timplex/dataset/cosaliency/MSRC/images/7/7_4_s.bmp /home/timplex/dataset/cosaliency/MSRC/groundtruth/7/7_4_s.bmp
/home/timplex/dataset/cosaliency/MSRC/images/2/2_19_s.bmp /home/timplex/dataset/cosaliency/MSRC/groundtruth/2/2_19_s.bmp
/home/timplex/dataset/cosaliency/MSRC/images/3/3_6_s.bmp /home/timplex/dataset/cosaliency/MSRC/groundtruth/3/3_6_s.bmp
/home/timplex/dataset/cosaliency/MSRC/images/5/6_11_s.bmp /home/timplex/dataset/cosaliency/MSRC/groundtruth/5/6_11_s.bmp
